* Micro Focus Server Express         V5.1 revision 000 06-Oct-15 17:19 Page   1
* ELLDRCN.cbl
* Options: int("ELLDRCN.int") anim csi verbose NOBOUND PARAMCOUNTCHECK
*          directives(cobopt.bth) endp list("ELLDRCN.lst")
* Setting: NOACCEPTREFRESH NOADV ALIGN"8" ALPHASTART"1" NOALTER NOAMODE ANIM
*          NOANIMPREP ANS85 APOST NOAREACHECK ARITHMETIC"OSVS" ASSIGN
*          "EXTERNAL" NOASSIGN-PRINTER NOAUTOLOCK NOBELL NOBOUND NOBRIEF
*          NOBS2000 BWZSTAR NOBYTEMODEMOVE CALLFH"ebmlsfile" NOCALLMCS
*          NOCALLRECOVERY CALLSORT"EXTSM" CANCEL CANCELLBR NOCHANGEMESSAGE
*          CHARSET"ASCII" NOCHECKDIV NOCHECKREFMOD NOCICS CICS-CPY
*          NOCICSOPTIMIZE NOCMPR2 NOCOBFSTATCONV NOCOBIDY NOCOBOL370 COBOLDIR
*          NOCOMP COMP-5"2" COMP-6"2" NOCOMS85 CONFIRM NOCONVERTRET CONVSPACE
*          COPYEXT",cbl,cpy" NOCOPYLBR COPYLIST COPYLISTCOMMENT"1" CSI
*          CURRENCY-SIGN"36" CURRENT-DATE"MMDDYY" NODATA DATACOMPRESS"0"
*          NODATA-CONTEXT DATE DBCHECK DBCS"2" NODBCSSOSI DBSPACE DE-EDIT"2"
*          DEFAULTBYTE"32" NODEFAULTCALLS DETECTLOCK NODG DIALECT"MF"
*          NODIRECTIVES-IN-COMMENTS NODOSVS NODPCINSUBSCRIPT DYNAM
*          NOEARLY-RELEASE ECHO NOECHOALL NOEDITOR ENSUITE"0" NOENTCOBOL
*          ERRFORMAT"1" ERRLIST"EMBED" NOERRQ FASTSORT NOFCD3 NOFCDREG
*          NOFDCLEAR NOFILESHARE FILETYPE"0" NOFLAG NOFLAGAS NOFLAGCD
*          NOFLAGEUC NOFLAGMIG NOFLAGQ FLAGSINEDIT NOFLAGSTD NOFOLDCALLNAME
*          NOFOLDCOPYNAME FORM"60" NOFP-ROUNDING NOHOSTARITHMETIC
*          NOHOSTCONTZERO NOHOST-NUMCOMPARE NOHOST-NUMMOVE NOHOSTFD NOHOSTRW
*          NOIBM-MS IBMCOMP IDXFORMAT"0" NOILGEN IMPLICITSCOPE NOINDD
*          INFORETURN"0" NOINITCALL INITPTR INT"ELLDRCN.int" INTDATE"ANSI"
*          INTLEVEL"2" IOCONV NOISO2002 NOIXNLSKEY NOIXNUMKEY KEEP-INT
*          KEYCHECK KEYCOMPRESS"0" LIBRARIAN"2" NOLINE-COUNT LIST"ELLDRCN.lst"
*          LISTPATH"" LISTWIDTH"80" LITVAL-SIZE"4" LOCKTYPE"0" NOMAPNAME
*          NOMAXERROR METHODDEFAULT"REFERENCE" MF"15" MFCOMMENT NOMOVELENCHECK
*          NOMS NOMVS NATIVE"ASCII" NONATIVEFLOATINGPOINT NONCHAR
*          NONEWBASENAME NONLS NSYMBOL"DBCS" NOODOOSVS NOODOSLIDE
*          NOOLDBLANKLINE NOOLDCOPY NOOLDINDEX NOOLDNEXTSENTENCE NOOLDREADINTO
*          NOOLDSTRMIX OOCTRL"-C-E-G-P+Q+R-S+W" OPTIONAL-FILE NOOS390 OSEXT""
*          NOOSVS NOOUTDD NOP64 NOPANVALET PERFORM-TYPE"OSVS" NOPREPLIST
*          NOPREPROCESS NOPRINT-EXT NOPROFILE NOPROGID-COMMENT
*          NOPROGID-INT-NAME NOPROTECT-LINKAGE PROTOTYPE"RELAXED" QUAL
*          QUALPROC NOQUERY NOQUOTE NORAWLIST NORDW RECMODE"F" NOREENTRANT
*          NOREF NOREFNO REMAINDER"1" REPORT-LINE"256" RESEQ NORETRYLOCK
*          REWRITE-LS NORM RTNCODE-SIZE"4" NORWHARDPAGE NOSAA SEG NOSEQCHK
*          SEQUENTIAL"RECORD" NOSERIAL SETTING"LINE" NOSHAREOUTDD NOSHOW-DIR
*          SIGN"ASCII" NOSIGNDISCARD NOSIGNFIXUP SORTTYPE"DFSORT" SOURCEFORMAT
*          "FIXED" SOURCETABSTOP"8" NOSPZERO NOSSRANGE STDERR NOSTICKY-LINKAGE
*          NOSTICKY-PERFORM SUPFF SWITCHTYPE"1" SYMBSTART"1" SYSPUNCH"132"
*          TERMPAGE TIME NOTRACE NOTRUNC NOTRUNCCALLNAME NOTRUNCCOPY TRUNCINC
*          "10" UNICODE"NATIVE" VERBOSE VSC2"2" WARNING"1" NOWB NOWB2 NOWB3
*          WEBSERVER"CGI" NOWRITELOCK NOWRITETHRU NOXOPEN NOXREF
*          NOZEROLENGTHFALSE NOZEROSEQ NOZWB
     1 IDENTIFICATION DIVISION.
     2
     3 PROGRAM-ID.                 ELLDRCN.
     4
     5*AUTHOR.     SUZAN VUKOV.
     6
     7 ENVIRONMENT DIVISION.
     8 INPUT-OUTPUT SECTION.
     9 FILE-CONTROL.
    10
    11     SELECT OUTPUT-FILE   ASSIGN TO SYS010
    12                          ORGANIZATION IS LINE SEQUENTIAL.
    13
* Micro Focus Server Express         V5.1 revision 000 06-Oct-15 17:19 Page   2
* ELLDRCN.cbl
    14     SELECT INPUT-FILE    ASSIGN TO SYS011
    15                          ORGANIZATION IS LINE SEQUENTIAL.
    16
    17     SELECT DISK-DATE     ASSIGN TO SYS019.
    18
    19
    20 DATA DIVISION.
    21
    22 FILE SECTION.
    23
    24 FD  OUTPUT-FILE
    25     BLOCK CONTAINS 0 RECORDS
    26     RECORDING MODE F.
    27
*   28     COPY ELCRCON.
    29******************************************************************04/15/98
    30*                                                                *ELCRCON
    31*
    32*   THIS COPYBOOK IS NOT BEING USED IN LOGIC
    33*
    34*
    35*                                                                *ELCRCON
    36*                            ELCRCON.                            *   LV002
    37*           COPYBOOK REVIEWED FOR YEAR 2000 COMPLIANCE               CL**2
    38*                            VMOD=2.003                          *   CL**2
    39*                                                                *ELCRCON
    40*   FILE DESCRIPTION = CHECK RECONCILIATION FILE                 *ELCRCON
    41*                                                                *ELCRCON
    42*   FILE TYPE = VSAM,KSDS                                        *ELCRCON
    43*   RECORD SIZE = 194  RECFORM = FIXED                           *ELCRCON
    44*                                                                *ELCRCON
    45*   BASE CLUSTER = ELRCON                         RKP=2,LEN=19   *ELCRCON
    46*                                                                *ELCRCON
    47*   LOG = YES                                                    *ELCRCON
    48*   SERVREQ = BROWSE, DELETE, UPDATE, NEWREC                     *ELCRCON
    49******************************************************************ELCRCON
    50                                                                  ELCRCON
    51 01  CHECK-RECONCILIATION.                                        ELCRCON
    52     12  RC-RECORD-ID                          PIC XX.            ELCRCON
    53         88  VALID-RC-ID                    VALUE 'RC'.           ELCRCON
    54     12  RC-CONTROL-PRIMARY.                                      ELCRCON
    55         16  RC-COMPANY-CD                     PIC X.             ELCRCON
    56         16  RC-CHECK-NO                       PIC X(7).          ELCRCON
    57         16  RC-CHECK-ORIGIN                   PIC X.             ELCRCON
    58         16  RC-GL-ACCOUNT-NO                  PIC X(10).         ELCRCON
    59                                                                  ELCRCON
    60     12  RC-CHECK-DATA.                                           ELCRCON
    61         16  RC-ISSUE-DATE.                                       ELCRCON
    62             20  RC-ISSUE-YYYY.                                   ELCRCON
    63               22  RC-ISSUE-CC                 PIC XX.            ELCRCON
    64               22  RC-ISSUE-YY                 PIC XX.            ELCRCON
    65             20  RC-ISSUE-MM                   PIC XX.            ELCRCON
    66             20  RC-ISSUE-DD                   PIC XX.            ELCRCON
    67         16  RC-CHECK-AMOUNT                   PIC 9(7)V99.       ELCRCON
    68         16  RC-CARRIER                        PIC X.             ELCRCON
    69         16  RC-CLAIM-NO                       PIC X(7).          ELCRCON
    70         16  RC-REFERENCE-NO                   PIC X(20).         ELCRCON
    71         16  RC-MORTGAGE-REF   REDEFINES  RC-REFERENCE-NO.        ELCRCON
* Micro Focus Server Express         V5.1 revision 000 06-Oct-15 17:19 Page   3
* ELLDRCN.cbl (/apps/prod/cid1p/copy/ELCRCON)
    72             20  RC-MORT-REF-1-18              PIC X(18).         ELCRCON
    73             20  RC-MORT-REF-SUF-19-20         PIC XX.            ELCRCON
    74         16  FILLER  REDEFINES  RC-MORTGAGE-REF.                  ELCRCON
    75             20  FILLER                        PIC X(13).         ELCRCON
    76             20  RC-CLAIM-REF.                                    ELCRCON
    77               22  RC-CLAIM-PREFIX             PIC X.             ELCRCON
    78               22  RC-CLAIM-NO-REF             PIC X(6).          ELCRCON
    79         16  RC-COVERAGE-TYPE                  PIC X.             ELCRCON
    80         16  RC-BENEFIT-CODE                   PIC XX.            ELCRCON
    81         16  RC-BENEFICIARY                    PIC X(10).         ELCRCON
    82         16  RC-PAYMENT-TYPE                   PIC X.             ELCRCON
    83         16  RC-STATUS                         PIC X.             ELCRCON
    84           88  RC-STATUS-ABANDONED                VALUE 'A'.      ELCRCON
    85           88  RC-STATUS-DESTROYED                VALUE 'D'.      ELCRCON
    86           88  RC-STATUS-OUTSTANDING              VALUE 'O'.      ELCRCON
    87           88  RC-STATUS-REDEEMED                 VALUE 'R'.      ELCRCON
    88           88  RC-STATUS-STOP-PAY                 VALUE 'S'.      ELCRCON
    89           88  RC-STATUS-UNREDEEMED               VALUE 'U'.      ELCRCON
    90           88  RC-STATUS-VOIDED                   VALUE 'V'.      ELCRCON
    91         16  RC-STATUS-DATE.                                      ELCRCON
    92             20  RC-STATUS-YYYY.                                  ELCRCON
    93               22  RC-STATUS-CC                PIC XX.            ELCRCON
    94               22  RC-STATUS-YY                PIC XX.            ELCRCON
    95             20  RC-STATUS-MM                  PIC XX.            ELCRCON
    96             20  RC-STATUS-DD                  PIC XX.            ELCRCON
    97                                                                  ELCRCON
    98     12  RC-MAINT-AREA.                                           ELCRCON
    99         16  RC-LAST-MAINT-BY                  PIC X(4).          ELCRCON
   100         16  RC-LAST-MAINT-DT                  PIC XX.            ELCRCON
   101         16  RC-LAST-MAINT-HHMMSS    COMP-3    PIC S9(7).
   102                                                                  ELCRCON
   103     12  RC-CHECK-MAINT-AREA.                                     ELCRCON
   104         16  RC-LAST-CHECK-BY                  PIC X(4).
   105         16  RC-LAST-CHECK-DT                  PIC XX.
   106         16  RC-LAST-CHECK-HHMMSS    COMP-3    PIC S9(7).
   107
   108     12  RC-CASHED-AMOUNT                      PIC 9(7)V99.       ELCRCON
   109                                                                  ELCRCON
   110     12  RC-CHECK-NOTE                         PIC X(67).
   111     12  FILLER                                PIC X(11).         ELCRCON
   112                                                                  ELCRCON
   113
   114 FD  INPUT-FILE
   115     BLOCK CONTAINS 0 RECORDS
   116     RECORDING MODE F.
   117
   118 01  INPUT-FILE-REC                   PIC X(129).
   119
   120 FD  DISK-DATE
   121
*  122     COPY ELCDTEFD.
   123******************************************************************04/15/98
   124*                                                                *ELCDTEFD
   125*                                                                *ELCDTEFD
   126*                            ELCDTEFD.                           *   LV002
   127*           COPYBOOK REVIEWED FOR YEAR 2000 COMPLIANCE               CL**2
   128*                            VMOD=2.007                          *   CL**2
   129*                                                                *ELCDTEFD
* Micro Focus Server Express         V5.1 revision 000 06-Oct-15 17:19 Page   4
* ELLDRCN.cbl (/apps/prod/cid1p/copy/ELCDTEFD)
   130******************************************************************ELCDTEFD
   131     BLOCK CONTAINS 0 RECORDS
   132     RECORDING MODE F.                                            ELCDTEFD
   133                                                                  ELCDTEFD
   134 01  DATE-DISK.                                                   ELCDTEFD
   135     12  DD-ID                       PIC  X(4).                   ELCDTEFD
   136     12  FILLER                      PIC  X(14).                  ELCDTEFD
   137     12  DD-CR1                      PIC  9.                      ELCDTEFD
   138     12  DD-CR1N                     PIC  X(30).                  ELCDTEFD
   139     12  DD-CR2                      PIC  9.                      ELCDTEFD
   140     12  DD-CR2N                     PIC  X(30).                  ELCDTEFD
   141     12  FILLER                      PIC  X(20).                  ELCDTEFD
   142                                                                  ELCDTEFD
   143 01  DATE-DISK-R.                                                 ELCDTEFD
   144     12  FILLER                      PIC  X(4).                   ELCDTEFD
   145     12  DD-ST           OCCURS 3 TIMES                           ELCDTEFD
   146                                     PIC  X(32).                  ELCDTEFD
   147                                                                  ELCDTEFD
   148 01  DATE-DISK-T.                                                 ELCDTEFD
   149     12  FILLER                      PIC  X(4).                   ELCDTEFD
   150     12  DD-TYPE         OCCURS 2 TIMES                           ELCDTEFD
   151                                     PIC  X(48).                  ELCDTEFD
   152                                                                  ELCDTEFD
   153 01  DATE-DISK-M.                                                 ELCDTEFD
   154     12  FILLER                      PIC  X(4).                   ELCDTEFD
   155     12  DD-MORT         OCCURS 2 TIMES                           ELCDTEFD
   156                                     PIC  X(48).                  ELCDTEFD
   157                                                                  ELCDTEFD
   158 01  DATE-DISK-P.                                                 ELCDTEFD
   159     12  DD-IDA                      PIC  XX.                     ELCDTEFD
   160     12  DD-IDX                      PIC  99.                     ELCDTEFD
   161     12  DD-DATA                     PIC  X(96).                  ELCDTEFD
   162     12  FILLER  REDEFINES DD-DATA.                               ELCDTEFD
   163         16  DD-PS-PIC   OCCURS 50 TIMES                          ELCDTEFD
   164                                     PIC  X.                      ELCDTEFD
   165         16  FILLER                  PIC  X(46).                  ELCDTEFD
   166     12  FILLER  REDEFINES DD-DATA.                               ELCDTEFD
   167         16  DD-PS-PICO  OCCURS 20 TIMES.                         ELCDTEFD
   168             20  DD-PS-PRT           PIC  X.                      ELCDTEFD
   169             20  DD-PS-FMT           PIC  X.                      ELCDTEFD
   170             20  DD-PS-PRC           PIC  X.                      ELCDTEFD
   171             20  DD-PS-TOT           PIC  X.                      ELCDTEFD
   172         16  FILLER                  PIC  X(16).                  ELCDTEFD
   173                                                                  ELCDTEFD
   174 01  DATE-DISK-E.                                                 ELCDTEFD
   175     12  FILLER                      PIC  X(4).                   ELCDTEFD
   176     12  DD-EDIT         OCCURS 24 TIMES                          ELCDTEFD
   177                                     PIC  X(4).                   ELCDTEFD
   178                                                                  ELCDTEFD
   179 01  DATE-DISK-C.                                                 ELCDTEFD
   180     12  FILLER                      PIC  X(7).                   ELCDTEFD
   181     12  DD-CARR1-SECPAY-SW          PIC  X.
   182     12  DD-CARR1-UEP-PCT            PIC  S9V9(4) COMP-3.         ELCDTEFD
   183     12  DD-CARR1-R78-PCT            PIC  S9V9(4) COMP-3.         ELCDTEFD
   184     12  DD-CARR1-PRO-PCT            PIC  S9V9(4) COMP-3.         ELCDTEFD
   185     12  DD-CARR1                    PIC  X.                      ELCDTEFD
   186     12  DD-CARR1S                   PIC  XX.                     ELCDTEFD
   187     12  DD-CARR1N                   PIC  X(30).                  ELCDTEFD
* Micro Focus Server Express         V5.1 revision 000 06-Oct-15 17:19 Page   5
* ELLDRCN.cbl (/apps/prod/cid1p/copy/ELCDTEFD)
   188     12  DD-CARR2                    PIC  X.                      ELCDTEFD
   189     12  DD-CARR2S                   PIC  XX.                     ELCDTEFD
   190     12  DD-CARR2N                   PIC  X(30).                  ELCDTEFD
   191     12  DD-CARR2-UEP-PCT            PIC  S9V9(4) COMP-3.         ELCDTEFD
   192     12  DD-CARR2-R78-PCT            PIC  S9V9(4) COMP-3.         ELCDTEFD
   193     12  DD-CARR2-PRO-PCT            PIC  S9V9(4) COMP-3.         ELCDTEFD
   194     12  DD-CARR2-SECPAY-SW          PIC  X.
   195     12  FILLER                      PIC  X(7).                   ELCDTEFD
   196                                                                  ELCDTEFD
   197 01  DATE-DISK-OPT.                                               ELCDTEFD
   198     12  FILLER                      PIC  X(04).                  ELCDTEFD
   199     12  DD-TLR-DATA.                                             ELCDTEFD
   200         16  DD-TLR                  OCCURS 32 TIMES              ELCDTEFD
   201                                     PIC  X(03).                  ELCDTEFD
   202     12  DD-STATE-DATA REDEFINES DD-TLR-DATA.                     ELCDTEFD
   203         16  DD-STATE-FLDS           OCCURS 16 TIMES              ELCDTEFD
   204                                     PIC  X(06).                  ELCDTEFD
   205     12  DD-CARR-DATA REDEFINES DD-TLR-DATA.                      ELCDTEFD
   206         16  DD-CARR-FLDS            OCCURS 13 TIMES              ELCDTEFD
   207                                     PIC  X(07).                  ELCDTEFD
   208         16  FILLER                  PIC  X(05).                  ELCDTEFD
   209     12  DD-MISC-DATA REDEFINES DD-TLR-DATA                       ELCDTEFD
   210                                     PIC  X(96).                  ELCDTEFD
   211******************************************************************ELCDTEFD
   212
   213
   214 WORKING-STORAGE SECTION.
   215
   216 01  FILLER.
   217     05  EOF-SW                       PIC X(01)     VALUE SPACE.
   218         88 EOF                                     VALUE 'Y'.
   219     05  WS-ABEND-MESSAGE             PIC X(80)     VALUE SPACES.
   220     05  WS-ABEND-FILE-STATUS         PIC X(02)     VALUE ZEROS.
   221
   222 01  FILLER                           COMP SYNC.
   223     05  PGM-SUB                      PIC S9(04)    VALUE +585.
   224
   225 01  FILLER                           COMP-3.
   226     05  OUTPUT-RECORD-CNT            PIC S9(07)    VALUE +0.
   227     05  WS-RETURN-CODE               PIC S9(03)    VALUE +0.
   228     05  WS-ZERO                      PIC S9(01)    VALUE +0.
   229
   230*              *************
   231*              ELCDTECX: LAYOUT FOR DISK-DATE FILE
*  232               COPY ELCDTECX.
   233******************************************************************06/05/98
   234*                                                                *ELCDTECX
   235*                            ELCDTECX.                           *   LV005
   236*           COPYBOOK REVIEWED FOR YEAR 2000 COMPLIANCE               CL**2
   237*                            VMOD=2.015                          *ELCDTECX
   238*                                                                *ELCDTECX
   239*      WORKING STORAGE COPY CODE FOR APPLICATIONS CALLING        *ELCDTECX
   240*      THE DATE CARD DISK FILE. ( READ ROUTINE = ELCDTERX,       *ELCDTECX
   241*      AND DISK FILE FD = ELCDTEFX)                              *ELCDTECX
   242*                                                                *ELCDTECX
   243******************************************************************ELCDTECX
   244******************************************************************
   245*                   C H A N G E   L O G
* Micro Focus Server Express         V5.1 revision 000 06-Oct-15 17:19 Page   6
* ELLDRCN.cbl (/apps/prod/cid1p/copy/ELCDTECX)
   246*
   247* CHANGES ARE MARKED BY THE CHANGE EFFECTIVE DATE.
   248*-----------------------------------------------------------------
   249*  CHANGE   CHANGE REQUEST PGMR  DESCRIPTION OF CHANGE
   250* EFFECTIVE    NUMBER
   251*-----------------------------------------------------------------
   252* 092602    2002091900008  PEMA  INCREASE NUMBER OF MAXIMUM
   253*                                  BENEFIT CODES FROM 300 TO 900
   254* 090803    2003080800002  PEMA  ADD CATEGORY FOR SUPER GAP
   255* 051304    2003080800002  SMVA  ADD REFUND METHOD
   256* 071714    2013100100002  PEMA  FIX CRIT PERIOD EDITS
   257******************************************************************
   258 01  DATE-CARD.                                                   ELCDTECX
   259     12  DATX-COD                    PIC  X(4).                   ELCDTECX
   260     12  RUN-DATE                    PIC  9(11)  COMP-3.          ELCDTECX
   261     12  ALPH-DATE                   PIC  X(18).                  ELCDTECX
   262     12  EP-DT                       PIC  9(11)  COMP-3.          ELCDTECX
   263     12  PEND-ACT-FILE               PIC  XX.                     ELCDTECX
   264     12  EP-SW                       PIC  X.                      ELCDTECX
   265         88  NO-EP-EXTRACTS          VALUE SPACE.                 ELCDTECX
   266     12  TAPE-BATCHES                PIC  X.                      ELCDTECX
   267         88  TP-PREL-BAL             VALUE '1'.                   ELCDTECX
   268     12  BIN-RUN-DATE                PIC  XX.                     ELCDTECX
   269     12  RUN-CENTURY.                                             ELCDTECX
   270         16 RUN-CENTURY-N            PIC  99.                        CL**4
   271     12  FILLER                      PIC  X.                         CL**4
   272     12  CLAS-MORT-OVRD              PIC  X(4).                   ELCDTECX
   273     12  FILLER                      PIC  XXX.                    ELCDTECX
   274     12  COMPANY-NAME                PIC  X(30).                  ELCDTECX
   275                                                                  ELCDTECX
   276 01  FILLER                          PIC  X(7)                       CL**6
   277                                          VALUE 'OPTIONS'.        ELCDTECX
   278 01  DATE-CARD-OPTIONS.                                           ELCDTECX
   279     12  DATE-OPTIONS-ID             PIC  X(4).                   ELCDTECX
   280     12  DTE-MIN-PREM                PIC  99V99.                  ELCDTECX
   281     12  DTE-LANGUAGE-IND            PIC  X.                      ELCDTECX
   282         88  DTE-LANGUAGE-IS-FR           VALUE 'F'.              ELCDTECX
   283         88  DTE-LANGUAGE-IS-ENG          VALUE 'E'.              ELCDTECX
   284     12  DTE-MIN-AGE                 PIC  99.                     ELCDTECX
   285     12  DTE-DEFAULT-AGE             PIC  99.                     ELCDTECX
   286     12  FILLER                      PIC  X.                      ELCDTECX
   287     12  DTE-MAX-TERM                PIC  999.                    ELCDTECX
   288     12  DTE-COMP-VG                 PIC  X.                      ELCDTECX
   289     12  DTE-REM-TRM                 PIC  X.                      ELCDTECX
   290     12  DTE-PRM-CK                  PIC S99V99.                  ELCDTECX
   291     12  DTE-PRORATA                 PIC  X.                      ELCDTECX
   292     12  DTE-CLM-REJ                 PIC  X.                      ELCDTECX
   293     12  DTE-REF-REJ                 PIC  X.                      ELCDTECX
   294     12  DTE-COM-TBL-USED            PIC  X.                      ELCDTECX
   295     12  FILLER                      PIC  X.                      ELCDTECX
   296     12  DTE-QTR-CO                  PIC  X.                      ELCDTECX
   297     12  DTE-REF-CK                  PIC S99V99.                  ELCDTECX
   298     12  DTE-CLM-CK                  PIC S99V99.                  ELCDTECX
   299     12  DTE-CONV-DT                 PIC 9(11) COMP-3.               CL**2
   300     12  DTE-DEFAULT-SEX             PIC  X.                      ELCDTECX
   301     12  DTE-EPL-FORMAT              PIC  X.                      ELCDTECX
   302     12  FILLER                      PIC  X.                      ELCDTECX
   303     12  DTE-JT-AGE                  PIC  X.                      ELCDTECX
* Micro Focus Server Express         V5.1 revision 000 06-Oct-15 17:19 Page   7
* ELLDRCN.cbl (/apps/prod/cid1p/copy/ELCDTECX)
   304     12  DTE-KEY-BIRTH               PIC  X.                      ELCDTECX
   305     12  DTE-REINSURANCE             PIC  X.                      ELCDTECX
   306     12  DTE-CLAIM-SORT              PIC  X.                      ELCDTECX
   307     12  DTE-WRT-OFF                 PIC  S99V99.                 ELCDTECX
   308     12  DTE-R78                     PIC  X.                      ELCDTECX
   309     12  DTE-DLY-BILL                PIC  X.                      ELCDTECX
   310     12  DTE-ALT-MORT-CODE           PIC  X(4).                   ELCDTECX
   311     12  DTE-CLAIM-PAID-THRU-TO      PIC  X.                      ELCDTECX
   312     12  DTE-COMPENSATION-ACCESS     PIC  X.                      ELCDTECX
   313     12  DTE-MORTG-ACCESS-CNTL       PIC  X.                      ELCDTECX
   314     12  DTE-MP-ALT-MORT-CODE        PIC  X(4).                   ELCDTECX
   315     12  DTE-MORTALITY-AGE-CALC-METHOD                            ELCDTECX
   316                                     PIC  X.                      ELCDTECX
   317         88  DTE-USE-TABLE-ASSIGNED-METHOD VALUE '1'              ELCDTECX
   318                                                 ' '.             ELCDTECX
   319         88  DTE-USE-ALL-AGE-LAST          VALUE '2'.             ELCDTECX
   320         88  DTE-USE-ALL-AGE-NEAR          VALUE '3'.             ELCDTECX
   321     12  DTE-RESERVE-OPTION-SWITCH   PIC  X.                      ELCDTECX
   322         88  DTE-OPT-RESERVE-METHOD-AUTH       VALUE 'Y'.         ELCDTECX
   323         88  DTE-OPT-RESERVE-METHOD-UNAUTH     VALUE 'N' ' '.     ELCDTECX
   324     12  DTE-REM-TRM-CALC-OPTION     PIC  X.                      ELCDTECX
   325     12  DTE-EXPERIENCE-RETENTION-AGE                             ELCDTECX
   326                                     PIC  9.                         CL**4
   327     12  DTE-SYSTEM.                                              ELCDTECX
   328         16  DTE-SYS-A-CREDIT        PIC  X.                      ELCDTECX
   329         16  DTE-SYS-B-PEND-CLAIM    PIC  X.                      ELCDTECX
   330         16  DTE-SYS-C-CONFIRMATIONS PIC  X.                      ELCDTECX
   331         16  DTE-SYS-D-DEMAND-BILL   PIC  X.                      ELCDTECX
   332         16  DTE-SYS-E-CLASIC-CLAIMS PIC  X.                      ELCDTECX
   333         16  DTE-SYS-F-CLASIC-CREDIT PIC  X.                      ELCDTECX
   334         16  DTE-SYS-G-AR-USED       PIC  X.                      ELCDTECX
   335         16  DTE-SYS-H               PIC  X.                      ELCDTECX
   336         16  DTE-SYS-I               PIC  X.                      ELCDTECX
   337         16  DTE-SYS-J               PIC  X.                      ELCDTECX
   338         16  DTE-SYS-K               PIC  X.                      ELCDTECX
   339         16  DTE-SYS-L               PIC  X.                      ELCDTECX
   340         16  DTE-SYS-M               PIC  X.                      ELCDTECX
   341         16  DTE-SYS-N               PIC  X.                      ELCDTECX
   342         16  DTE-SYS-O               PIC  X.                      ELCDTECX
   343         16  DTE-SYS-P               PIC  X.                      ELCDTECX
   344         16  DTE-SYS-Q               PIC  X.                      ELCDTECX
   345         16  DTE-SYS-R               PIC  X.                      ELCDTECX
   346         16  DTE-SYS-S               PIC  X.                      ELCDTECX
   347         16  DTE-SYS-T               PIC  X.                      ELCDTECX
   348         16  DTE-SYS-U               PIC  X.                      ELCDTECX
   349         16  DTE-SYS-V               PIC  X.                      ELCDTECX
   350         16  DTE-SYS-W               PIC  X.                      ELCDTECX
   351         16  DTE-SYS-X               PIC  X.                      ELCDTECX
   352         16  DTE-SYS-Y               PIC  X.                      ELCDTECX
   353         16  DTE-SYS-Z               PIC  X.                      ELCDTECX
   354     12  FILLER                      REDEFINES DTE-SYSTEM.        ELCDTECX
   355         16  DTE-SYS-CODE            OCCURS 26 TIMES              ELCDTECX
   356                                     PIC  X.                      ELCDTECX
   357     12  DTE-CLIENT                  PIC  XXX.                    ELCDTECX
   358                                                                  ELCDTECX
   359 01  CLASIC-SYSTEM-CODES.                                         ELCDTECX
   360     12  DTE-COLC-ID                 PIC  X(4).                   ELCDTECX
   361     12  DTE-CLASIC-COMPANY-CD       PIC  X.                      ELCDTECX
* Micro Focus Server Express         V5.1 revision 000 06-Oct-15 17:19 Page   8
* ELLDRCN.cbl (/apps/prod/cid1p/copy/ELCDTECX)
   362     12  DTE-CLASIC-COMPANY-NUMBER   PIC  999.                    ELCDTECX
   363*    12  DTE-CLASIC-CLAIM-ACCESS     PIC  X.                      ELCDTECX
   364     12  FILLER                      PIC  X.                      ELCDTECX
   365     12  CLASIC-REIN-MAINT           PIC  XX.                     ELCDTECX
   366     12  CLASIC-COMP-MAINT           PIC  XX.                     ELCDTECX
   367     12  CLASIC-ACCT-MAINT           PIC  XX.                     ELCDTECX
   368     12  CLASIC-CTBL-MAINT           PIC  XX.                     ELCDTECX
   369     12  CLASIC-RATE-MAINT           PIC  XX.                     ELCDTECX
   370     12  CLASIC-CREDIT-EOM-DT        PIC  XX.                     ELCDTECX
   371     12  CLASIC-CLAIMS-EOM-DT        PIC  XX.                     ELCDTECX
   372                                                                  ELCDTECX
   373     12  LIFE-OVERRIDE-L1            PIC  X.                      ELCDTECX
   374     12  LIFE-OVERRIDE-L2            PIC  XX.                     ELCDTECX
   375     12  LIFE-OVERRIDE-L6            PIC  X(6).                   ELCDTECX
   376     12  LIFE-OVERRIDE-L12           PIC  X(12).                  ELCDTECX
   377                                                                  ELCDTECX
   378     12  AH-OVERRIDE-L1              PIC  X.                      ELCDTECX
   379     12  AH-OVERRIDE-L2              PIC  XX.                     ELCDTECX
   380     12  AH-OVERRIDE-L6              PIC  X(6).                   ELCDTECX
   381     12  AH-OVERRIDE-L12             PIC  X(12).                  ELCDTECX
   382                                                                  ELCDTECX
   383     12  CLAS-REPORT-CD1-CAPTION     PIC  X(10).                  ELCDTECX
   384     12  CLAS-REPORT-CD2-CAPTION     PIC  X(10).                  ELCDTECX
   385                                                                  ELCDTECX
   386     12  CLASIC-MORTG-EOM-DT         PIC  XX.                     ELCDTECX
   387     12  CLASIC-AR-EOM-DT            PIC  XX.                     ELCDTECX
   388                                                                  ELCDTECX
   389     12  FILLER                      PIC  X(11)      VALUE SPACE. ELCDTECX
   390                                                                  ELCDTECX
   391 01  DATE-CARD-FACTORS.                                           ELCDTECX
   392     12  DATE-FACTOR-ID              PIC  X(4).                   ELCDTECX
   393     12  FAC-1                       PIC S999V9(5).               ELCDTECX
   394     12  FAC-2                       PIC S999V9(5).               ELCDTECX
   395     12  FAC-3                       PIC S999V9(5).               ELCDTECX
   396     12  FAC-4                       PIC S999V9(5).               ELCDTECX
   397     12  FAC-5                       PIC S999V9(5).               ELCDTECX
   398     12  FAC-6                       PIC S999V9(5).               ELCDTECX
   399                                                                  ELCDTECX
   400 01  FILLER                          PIC  X(12)                   ELCDTECX
   401                                          VALUE 'COMPANY NAME'.   ELCDTECX
   402 01  COMPANY-NAME-TABLE.                                          ELCDTECX
   403     12  C-N-TBL                     OCCURS 6 TIMES.              ELCDTECX
   404         16  CNT-ID                  PIC  X.                      ELCDTECX
   405         16  CNT-NAME                PIC  X(30).                  ELCDTECX
   406                                                                  ELCDTECX
   407 01  FILLER                          PIC  X(11)                   ELCDTECX
   408                                          VALUE 'STATE NAMES'.    ELCDTECX
   409 01  STATE-NAMES.                                                 ELCDTECX
   410     12  STATE-NAME-FLD              OCCURS 75 TIMES.             ELCDTECX
   411         16  STATE-SUB               PIC  XX.                     ELCDTECX
   412         16  STATE-PIC1.                                          ELCDTECX
   413             20  STATE-ABBR          PIC  XX.                     ELCDTECX
   414             20  FILLER              PIC  XXX.                    ELCDTECX
   415             20  STATE-PIC           PIC  X(20).                  ELCDTECX
   416             20  STATE-CALL-EARN     PIC  X.                      ELCDTECX
   417             20  STATE-CALL-BREAK    PIC  X.                      ELCDTECX
   418             20  STATE-PRIM-FAC-DEV  PIC  XXX.                    ELCDTECX
   419                                                                  ELCDTECX
* Micro Focus Server Express         V5.1 revision 000 06-Oct-15 17:19 Page   9
* ELLDRCN.cbl (/apps/prod/cid1p/copy/ELCDTECX)
   420 01  FILLER                          PIC  X(13)                   ELCDTECX
   421                                          VALUE 'CARRIER NAMES'.  ELCDTECX
   422 01  CARRIER-NAMES.                                               ELCDTECX
   423     12  CARRIER-NAME-FLD            OCCURS 25 TIMES.             ELCDTECX
   424         16  CARRIER-SUB             PIC  X.                      ELCDTECX
   425         16  CARRIER-DOM-ST          PIC  XX.                     ELCDTECX
   426         16  CARRIER-PIC             PIC  X(30).                  ELCDTECX
   427         16  CARRIER-UEP-PCT         PIC  S9V9(4) COMP-3.            CL**6
   428         16  CARRIER-R78-PCT         PIC  S9V9(4) COMP-3.            CL**6
   429         16  CARRIER-PRO-PCT         PIC  S9V9(4) COMP-3.            CL**6
   430*        16  FILLER                  PIC  X.                      ELCDTECX
   431         16  CARRIER-SEC-PAY         PIC  X.
   432             88  SEC-PAY-CARRIER          VALUE 'Y'.
   433                                                                  ELCDTECX
   434 01  FILLER                          PIC  X(9)                       CL**6
   435                                          VALUE 'INS TYPES'.      ELCDTECX
   436 01  CLAS-INS-TYPES.                                              ELCDTECX
   437*    12 CLAS-ALL-TYPES               OCCURS 300 TIMES.            ELCDTECX
   438     12 CLAS-ALL-TYPES               OCCURS 900 TIMES.            ELCDTECX
   439         16  CLAS-I-BEN              PIC  XX.                     ELCDTECX
   440         16  CLAS-I-AB3.                                          ELCDTECX
   441             20  FILLER              PIC  X.                      ELCDTECX
   442             20  CLAS-I-AB2.                                      ELCDTECX
   443                 24  FILLER          PIC  X.                      ELCDTECX
   444                 24  CLAS-I-AB1      PIC  X.                      ELCDTECX
   445         16  CLAS-I-AB3-AH REDEFINES CLAS-I-AB3.                  ELCDTECX
   446             20  CLAS-EXCLUSION      PIC  XX.                        CL**4
   447             20  FILLER              PIC  X.                         CL**4
   448         16  CLAS-I-AB10.                                         ELCDTECX
   449             20  FILLER              PIC  X(9).                   ELCDTECX
   450             20  CLAS-I-REIN-YN      PIC  X.                      ELCDTECX
   451         16  CLAS-I-COMMENT          PIC  X(10).                  ELCDTECX
   452         16  CLAS-I-JOINT            PIC  X.                      ELCDTECX
   453         16  CLAS-I-RL-AH            PIC  X.                      ELCDTECX
   454         16  CLAS-I-CALC-TYPE.                                    ELCDTECX
   455             20  CLAS-I-BAL          PIC  X.                      ELCDTECX
   456         16  CLAS-I-EP               PIC  X.                      ELCDTECX
   457         16  CLAS-CO-BEN-I-G-CD      PIC  X.                      ELCDTECX
   458         16  CLAS-CO-REM-TERM-CALC   PIC  X.                      ELCDTECX
   459         16  CLAS-I-BEN-CATEGORY     PIC  X.
   460         16  CLAS-I-REFUND-METHOD    PIC  X.
   461         16  CLAS-I-MAX-BENEFITS     PIC 99.
   462         16  FILLER                  PIC  XXX.
   463                                                                  ELCDTECX
   464 01  FILLER                          PIC  X(16)                   ELCDTECX
   465                                     VALUE 'MORTALITY TABLES'.    ELCDTECX
   466 01  CLAS-MORTALITY-CODES.                                        ELCDTECX
   467     12  CLAS-MORT-FLD               OCCURS 99 TIMES              ELCDTECX
   468                                     INDEXED BY CLAS-MORT-NDX.    ELCDTECX
   469         16  CLAS-MORT-CODE          PIC  X(4).                      CL**6
   470         16  CLAS-MORT-J-CODE        PIC  X.                         CL**5
   471         16  CLAS-MORT-J-FACT        PIC S9V9(4).                    CL**6
   472         16  CLAS-MORT-DESC.                                      ELCDTECX
   473             20  CLAS-RESERVE-ADJ    PIC  999.                       CL**6
   474             20  FILLER              PIC  XX.                        CL**5
   475             20  CLAS-YEAR           PIC  X(4).                      CL**6
   476             20  FILLER              PIC  X.                         CL**5
   477             20  CLAS-TABLE-TYPE     PIC  XXX.                       CL**6
* Micro Focus Server Express         V5.1 revision 000 06-Oct-15 17:19 Page  10
* ELLDRCN.cbl (/apps/prod/cid1p/copy/ELCDTECX)
   478             20  FILLER              PIC  X.                         CL**5
   479             20  CLAS-AGE-METHOD     PIC  XX.                        CL**5
   480             20  FILLER              PIC  X.                         CL**5
   481             20  CLAS-INTEREST       PIC  99.99.                     CL**5
   482             20  FILLER              PIC  X(5).                      CL**6
   483                                                                  ELCDTECX
   484 01  FILLER                          PIC  X(15)                   ELCDTECX
   485                                     VALUE 'BUSINESS TABLES'.     ELCDTECX
   486 01  CLAS-BUSINESS-CLASSES.                                       ELCDTECX
   487     12  CLAS-BUSC-FLD               OCCURS 50 TIMES.             ELCDTECX
   488         16  CLAS-BUSC-CODE          PIC  99.                     ELCDTECX
   489         16  CLAS-BUSC-GROUP         PIC  X.                      ELCDTECX
   490         16  CLAS-BUSC-DESC          PIC  X(19).                  ELCDTECX
   491         16  CLAS-BUSC-EXCL          PIC  X.                         CL**5
   492         16  FILLER                  PIC  X(4).                      CL**6
   493                                                                  ELCDTECX
   494 01  FILLER                          PIC  X(7)                       CL**6
   495                                     VALUE 'INDEXES'.             ELCDTECX
   496 01  CLAS-INDEX-TBL.                                              ELCDTECX
   497     12  CLAX-ID                     PIC  X(4).                   ELCDTECX
   498     12  CLAS-STARTC                 PIC S9(4) COMP.              ELCDTECX
   499     12  CLAS-MAXC                   PIC S9(4) COMP.              ELCDTECX
   500     12  CLAS-STARTL                 PIC S9(4) COMP.              ELCDTECX
   501     12  CLAS-MAXL                   PIC S9(4) COMP.              ELCDTECX
   502     12  CLAS-STARTA                 PIC S9(4) COMP.              ELCDTECX
   503     12  CLAS-MAXA                   PIC S9(4) COMP.              ELCDTECX
   504     12  CLAS-STARTM                 PIC S9(4) COMP.              ELCDTECX
   505     12  CLAS-MAXM                   PIC S9(4) COMP.              ELCDTECX
   506     12  CLAS-STARTB                 PIC S9(4) COMP.              ELCDTECX
   507     12  CLAS-MAXB                   PIC S9(4) COMP.              ELCDTECX
   508     12  CLAS-STARTS                 PIC S9(4) COMP.              ELCDTECX
   509     12  CLAS-MAXS                   PIC S9(4) COMP.              ELCDTECX
   510     12  CLAS-STARTE                 PIC S9(4) COMP.              ELCDTECX
   511     12  CLAS-MAXE                   PIC S9(4) COMP.              ELCDTECX
   512     12  CLAS-STARTCN                PIC S9(4) COMP.              ELCDTECX
   513     12  CLAS-MAXCN                  PIC S9(4) COMP.              ELCDTECX
   514                                                                  ELCDTECX
   515 01  CLAS-TYPE-MISC.                                              ELCDTECX
   516     12  CLAS-INDEXC                 PIC S9(4) COMP.              ELCDTECX
   517     12  CLAS-INDEXL                 PIC S9(4) COMP.              ELCDTECX
   518     12  CLAS-INDEXA                 PIC S9(4) COMP.              ELCDTECX
   519     12  CLAS-INDEXM                 PIC S9(4) COMP.              ELCDTECX
   520     12  CLAS-INDEXB                 PIC S9(4) COMP.              ELCDTECX
   521     12  CLAS-INDEXS                 PIC S9(4) COMP.              ELCDTECX
   522     12  CLAS-INDEXE                 PIC S9(4) COMP.              ELCDTECX
   523     12  CLAS-INDEX                  PIC S9(4) COMP.              ELCDTECX
   524     12  CLAS-INDEXEN                PIC S9(4) COMP.              ELCDTECX
   525     12  CLAS-INDEXCN                PIC S9(4) COMP.              ELCDTECX
   526     12  CLAS-INDEXON                PIC S9(4) COMP.              ELCDTECX
   527                                                                  ELCDTECX
   528 01  FILLER                          PIC  X(13)                   ELCDTECX
   529                                     VALUE 'MISCELLANEOUS'.       ELCDTECX
   530 01  CLAS-MISC.                                                   ELCDTECX
   531     12  DTE-FICH                    PIC  X.                      ELCDTECX
   532         88  FICH-NO                 VALUE SPACE.                 ELCDTECX
   533         88  FICH-ONLY               VALUE '1'.                   ELCDTECX
   534         88  FICH-BOTH               VALUE '2'.                   ELCDTECX
   535     12  FICH-OPEN                   PIC  X.                      ELCDTECX
* Micro Focus Server Express         V5.1 revision 000 06-Oct-15 17:19 Page  11
* ELLDRCN.cbl (/apps/prod/cid1p/copy/ELCDTECX)
   536     12  REPT-OPEN                   PIC  X.                      ELCDTECX
   537     12  DTE-PGM-OPT                 PIC  9.                         CL**5
   538     12  DTE-PRT-OPT                 PIC  X.                      ELCDTECX
   539     12  DTE-FMT-OPT                 PIC  9.                      ELCDTECX
   540     12  DTE-PRC-OPT                 PIC  9.                      ELCDTECX
   541     12  DTE-TOT-OPT                 PIC  9.                      ELCDTECX
   542     12  CLAS-LOOK                   PIC  XX.                     ELCDTECX
   543     12  DTE-TOT-LINES               PIC S9(8)      COMP.         ELCDTECX
   544     12  STATE-L                     PIC  XX.                     ELCDTECX
   545     12  CLAS-CN                     PIC  99.                     ELCDTECX
   546     12  CLAS-CO                     PIC  99.                     ELCDTECX
   547     12  DTE-VSAM-FLAGS                              VALUE ZERO.  ELCDTECX
   548         16  DTE-F-1                 PIC  X.                      ELCDTECX
   549         16  DTE-F-2                 PIC  X.                      ELCDTECX
   550     12  DTE-ABEND-WORK.                                          ELCDTECX
   551         16  DTE-ABEND-CD-1          PIC  XX         VALUE SPACES.ELCDTECX
   552         16  DTE-ABEND-CD-2          PIC  XX         VALUE SPACES.ELCDTECX
   553                                                                  ELCDTECX
   554 01  FILLER                          PIC  X(12)                   ELCDTECX
   555                                     VALUE 'WORKING DATE'.        ELCDTECX
   556 01  WS-DATE-AND-TIME.                                            ELCDTECX
   557     12  WS-ACCEPT-DATE.                                          ELCDTECX
   558         16  WS-AD-YY                PIC  99.                     ELCDTECX
   559         16  WS-AD-MM                PIC  99.                     ELCDTECX
   560         16  WS-AD-DD                PIC  99.                     ELCDTECX
   561     12  WS-CURRENT-DATE.                                         ELCDTECX
   562         16  WS-CD-MM                PIC  99.                     ELCDTECX
   563         16  FILLER                  PIC  X          VALUE '/'.   ELCDTECX
   564         16  WS-CD-DD                PIC  99.                     ELCDTECX
   565         16  FILLER                  PIC  X          VALUE '/'.   ELCDTECX
   566         16  WS-CD-YY                PIC  99.                     ELCDTECX
   567     12  WS-TIME-OF-DAY.                                          ELCDTECX
   568         16  WS-TIME                 PIC  9(6).                   ELCDTECX
   569         16  WS-HUN-SEC              PIC  99.                     ELCDTECX
   570                                                                  ELCDTECX
   571 01  FILLER                          PIC  X(12)                   ELCDTECX
   572                                     VALUE 'CARRIER CLMS'.        ELCDTECX
   573 01  CARRIER-OPT-CLAIM-DATA.                                      ELCDTECX
   574     12  CARRIER-FLDS                OCCURS 25 TIMES.             ELCDTECX
   575         16  CARRIER-IBNR-SWITCH     PIC  X.                         CL**5
   576         16  CARRIER-IBNR-PERCENT    PIC S9V9(4) COMP-3.             CL**6
   577         16  CARRIER-CIDA-DISCOUNT   PIC S9V9(4) COMP-3.             CL**6
   578                                                                  ELCDTECX
   579 01  FILLER                          PIC  X(10)                   ELCDTECX
   580                                     VALUE 'STATE TLRS'.          ELCDTECX
   581 01  STATE-TARGET-LOSS-RATIOS.                                    ELCDTECX
   582     12  STATE-TLR-FLD               OCCURS 75 TIMES.             ELCDTECX
   583         16  STATE-TARGET-LOSS-RATIO PIC S9V9(4) COMP-3.             CL**6
   584         16  STATE-CALC-INTEREST     PIC S9V9(4) COMP-3.             CL**6
   585                                                                  ELCDTECX
   586 01  FILLER                          PIC  X(13)                   ELCDTECX
   587                                     VALUE 'BUSINESS TLRS'.       ELCDTECX
   588 01  BUSINESS-TRGT-LOSS-RATIO-MODS.                               ELCDTECX
   589     12  BUS-TLRM-FLD                OCCURS 99 TIMES.             ELCDTECX
   590         16  BUS-TRGT-LOSS-RATIO-MOD PIC S9V9(4) COMP-3.             CL**6
   591                                                                  ELCDTECX
   592 01  FILLER                          PIC  X(13)                   ELCDTECX
   593                                     VALUE 'MISC CLM DATA'.       ELCDTECX
* Micro Focus Server Express         V5.1 revision 000 06-Oct-15 17:19 Page  12
* ELLDRCN.cbl (/apps/prod/cid1p/copy/ELCDTECX)
   594 01  MISC-OPT-CLM-RSV-DATA.                                       ELCDTECX
   595     12  COMPANY-CALC-INTEREST       PIC S9V9(4) COMP-3.             CL**6
   596     12  COMPANY-CIDA-DISCOUNT       PIC S9V9(4) COMP-3.             CL**6
   597     12  COMPANY-CRDB-TABLE-SELECTION                             ELCDTECX
   598                                     PIC  X.                         CL**5
   599     12  COMPANY-IBNR-AH-FACTOR      PIC S9V9(4) COMP-3.             CL**6
   600     12  COMPANY-IBNR-LAG-MONTH      PIC S999    COMP-3.             CL**6
   601     12  COMPANY-IBNR-LIFE-FACTOR    PIC S9V9(4) COMP-3.             CL**6
   602     12  COMPANY-OPTION-START-DATE   PIC  XX.                        CL**5
   603     12  INDEXBS                     PIC S9(4)   COMP.               CL**6
   604     12  INDEXCA                     PIC S9(4)   COMP.               CL**6
   605     12  INDEXST                     PIC S9(4)   COMP.               CL**6
   606     12  FILLER                      PIC  X(75).                  ELCDTECX
   607******************************************************************ELCDTECX
   608*01  MISC-CARR-PCT-DATA.                                          00001521
   609*    12  DD-CARR1-UEP-PCT            PIC S9V9(4) COMP-3.          00001522
   610*    12  DD-CARR1-R78-PCT            PIC S9V9(4) COMP-3.          00001522
   611*    12  DD-CARR1-PRO-PCT            PIC S9V9(4) COMP-3.          00001522
   612*    12  DD-CARR2-UEP-PCT            PIC S9V9(4) COMP-3.          00001522
   613*    12  DD-CARR2-R78-PCT            PIC S9V9(4) COMP-3.          00001522
   614*    12  DD-CARR2-PRO-PCT            PIC S9V9(4) COMP-3.          00001522
   615******************************************************************ELCDTECX
   616
*  617               COPY ELCDTEVR.
   618***************************************************************** 04/15/98
   619*                                                                *ELCDTEVR
   620*                                                                *ELCDTEVR
   621*                            ELCDTEVR.                           *   LV003
   622*           COPYBOOK REVIEWED FOR YEAR 2000 COMPLIANCE               CL**3
   623*                            VMOD=2.001                          *   CL**2
   624*                                                                *ELCDTEVR
   625*   WORKING STORAGE FOR DATE VARIABLES CREATED                   *ELCDTEVR
   626*   FOR THE YEAR 2000 DATE MODIFICATION                          *ELCDTEVR
   627*                                                                *ELCDTEVR
   628******************************************************************ELCDTEVR
   629 01  WS-DATE-CARD-DATE.                                           ELCDTEVR
   630     05  WS-RUN-DATE.                                             ELCDTEVR
   631         10  FILLER                  PIC  9(03).                  ELCDTEVR
   632         10  RUN-CCYY                PIC  9(04).                  ELCDTEVR
   633         10  RUN-CCYR  REDEFINES  RUN-CCYY.                       ELCDTEVR
   634             15  RUN-CC              PIC  99.                     ELCDTEVR
   635             15  RUN-YR              PIC  99.                     ELCDTEVR
   636         10  RUN-MO                  PIC  99.                     ELCDTEVR
   637         10  RUN-DA                  PIC  99.                     ELCDTEVR
   638     05  WS-RUN-DATE-N REDEFINES                                     CL**2
   639            WS-RUN-DATE              PIC 9(11).                      CL**2
   640     05  WS-EP-DT.                                                ELCDTEVR
   641         10  FILLER                  PIC  9(03).                  ELCDTEVR
   642         10  EP-CCYY                 PIC  9(04).                  ELCDTEVR
   643         10  EP-CCYR  REDEFINES  EP-CCYY.                         ELCDTEVR
   644             15  EP-CC               PIC  99.                     ELCDTEVR
   645             15  EP-YR               PIC  99.                     ELCDTEVR
   646         10  EP-MO                   PIC  99.                     ELCDTEVR
   647         10  EP-DA                   PIC  99.                     ELCDTEVR
   648     05  WS-EP-DT-N REDEFINES                                        CL**2
   649            WS-EP-DT                 PIC 9(11).                      CL**2
   650     05  WS-DTE-CONV-DT.                                             CL**4
   651         10  FILLER                  PIC  9(03).                     CL**4
* Micro Focus Server Express         V5.1 revision 000 06-Oct-15 17:19 Page  13
* ELLDRCN.cbl (/apps/prod/cid1p/copy/ELCDTEVR)
   652         10  DTE-CONV-CCYY           PIC  9(04).                     CL**4
   653         10  DTE-CONV-CCYR  REDEFINES  DTE-CONV-CCYY.                CL**4
   654             15  DTE-CONV-CC         PIC  99.                        CL**4
   655             15  DTE-CONV-YR         PIC  99.                        CL**4
   656         10  DTE-CONV-MO             PIC  99.                        CL**4
   657         10  DTE-CONV-DA             PIC  99.                        CL**4
   658     05  WS-DTE-CONV-DT-N REDEFINES                                  CL**4
   659            WS-DTE-CONV-DT           PIC  9(11).                     CL**4
   660 01  WS-BALANCE-FORWARD-DATE.                                     ELCDTEVR
   661     05  WS-BF-LAST-ACTIVITY-DATE.                                ELCDTEVR
   662         10  FILLER                            PIC 999.           ELCDTEVR
   663         10  BF-ACT-CCYY                       PIC 9(04).         ELCDTEVR
   664         10  BF-ACT-CCYR  REDEFINES  BF-ACT-CCYY.                 ELCDTEVR
   665             15  BF-ACT-CC                     PIC 99.            ELCDTEVR
   666             15  BF-ACT-YEAR                   PIC 99.            ELCDTEVR
   667         10  BF-ACT-MONTH                      PIC 99.            ELCDTEVR
   668         10  BF-ACT-DAY                        PIC 99.            ELCDTEVR
   669     05  WS-BF-LAST-ACTIVITY-DATE-N REDEFINES                        CL**2
   670            WS-BF-LAST-ACTIVITY-DATE           PIC 9(11).            CL**2
   671     05  WS-BF-CURRENT-LAST-STMT-DT.                              ELCDTEVR
   672         10  FILLER                            PIC 999.           ELCDTEVR
   673         10  BF-CURRENT-LAST-STMT-CEN          PIC 99.            ELCDTEVR
   674         10  BF-CURRENT-LAST-STMT-YEAR         PIC 99.            ELCDTEVR
   675         10  BF-CURRENT-LAST-STMT-MONTH        PIC 99.            ELCDTEVR
   676         10  BF-CURRENT-LAST-STMT-DAY          PIC 99.            ELCDTEVR
   677     05  WS-BF-CURRENT-LAST-STMT-DT-N REDEFINES                      CL**2
   678            WS-BF-CURRENT-LAST-STMT-DT        PIC 9(11).             CL**2
   679 01  WS-ADD-CONF-TRANSACTIONS-DTE.                                ELCDTEVR
   680     05  WS-AC-CERT-EFF-DATE.                                     ELCDTEVR
   681         10  FILLER                            PIC 999.           ELCDTEVR
   682         10  AC-CERT-CCYY                      PIC 9(04).         ELCDTEVR
   683         10  AC-CERT-CCYR  REDEFINES  AC-CERT-CCYY.               ELCDTEVR
   684             15  AC-CERT-CC                    PIC 99.            ELCDTEVR
   685             15  AC-CERT-YR                    PIC 99.            ELCDTEVR
   686         10  AC-CERT-MO                        PIC 99.            ELCDTEVR
   687         10  AC-CERT-DA                        PIC 99.            ELCDTEVR
   688     05  WS-AC-CERT-EFF-DATE-N REDEFINES                             CL**2
   689            WS-AC-CERT-EFF-DATE                PIC 9(11).            CL**2
   690     05  WS-AC-LIFE-CANCEL-DATE.                                  ELCDTEVR
   691         10  FILLER                            PIC 999.           ELCDTEVR
   692         10  AC-LIFE-CANCEL-CCYY               PIC 9(04).         ELCDTEVR
   693         10  AC-LIFE-CANCEL-CCYR REDEFINES AC-LIFE-CANCEL-CCYY.   ELCDTEVR
   694             15  AC-LIFE-CANCEL-CC             PIC 99.            ELCDTEVR
   695             15  AC-LIFE-CANCEL-YR             PIC 99.            ELCDTEVR
   696         10  AC-LIFE-CANCEL-MO                 PIC 99.            ELCDTEVR
   697         10  AC-LIFE-CANCEL-DA                 PIC 99.            ELCDTEVR
   698     05  WS-AC-LIFE-CANCEL-DATE-N REDEFINES                          CL**2
   699            WS-AC-LIFE-CANCEL-DATE             PIC 9(11).            CL**2
   700     05  WS-AC-AH-CANCEL-DATE.                                    ELCDTEVR
   701         10  FILLER                            PIC 999.           ELCDTEVR
   702         10  AC-AH-CANCEL-CCYY                 PIC 9(04).         ELCDTEVR
   703         10  AC-AH-CANCEL-CCYR  REDEFINES  AC-AH-CANCEL-CCYY.     ELCDTEVR
   704             15  AC-AH-CANCEL-CC               PIC 99.            ELCDTEVR
   705             15  AC-AH-CANCEL-YR               PIC 99.            ELCDTEVR
   706         10  AC-AH-CANCEL-MO                   PIC 99.            ELCDTEVR
   707         10  AC-AH-CANCEL-DA                   PIC 99.            ELCDTEVR
   708     05  WS-AC-AH-CANCEL-DATE-N REDEFINES                            CL**2
   709            WS-AC-AH-CANCEL-DATE               PIC 9(11).            CL**2
* Micro Focus Server Express         V5.1 revision 000 06-Oct-15 17:19 Page  14
* ELLDRCN.cbl (/apps/prod/cid1p/copy/ELCDTEVR)
   710 01  WS-RATE-RECORD.                                              ELCDTEVR
   711         05  WS-RT-EXPIRY-DATE.                                   ELCDTEVR
   712             10  FILLER                        PIC 999.           ELCDTEVR
   713             10  RT-EXP-CCYY                   PIC 9(04).         ELCDTEVR
   714             10  RT-EXP-CCYR  REDEFINES  RT-EXP-CCYY.             ELCDTEVR
   715                 15  RT-EXP-CC                 PIC 99.            ELCDTEVR
   716                 15  RT-EXP-YR                 PIC 99.            ELCDTEVR
   717             10  RT-EXP-MO                     PIC 99.            ELCDTEVR
   718             10  RT-EXP-DA                     PIC 99.            ELCDTEVR
   719         05  WS-RT-EXPIRY-DATE-N REDEFINES                           CL**2
   720                WS-RT-EXPIRY-DATE              PIC 9(11).            CL**2
   721
* Micro Focus Server Express         V5.1 revision 000 06-Oct-15 17:19 Page  15
* ELLDRCN.cbl
   723 PROCEDURE DIVISION.
   724
   725****************READ DISK-DATE FILE
   726 0000-DATE-CARD-READ.
*                           COPY ELCDTERX.
   727******************************************************************04/15/98
   728*                                                                *ELCDTERX
   729*                                                                *ELCDTERX
   730*                            ELCDTERX.                           *   LV002
   731*           COPYBOOK REVIEWED FOR YEAR 2000 COMPLIANCE               CL**2
   732*                            VMOD=2.007                          *ELCDTERX
   733*                                                                *ELCDTERX
   734*      LOAD DATE CARD DISK FILE INTO WORKING STORAGE AREA        *ELCDTERX
   735*      (COPY CODE FOR W/S = ELCDTECX AND COPY CODE FOR FD        *ELCDTERX
   736*      = ELCDTEFD)                                               *ELCDTERX
   737*                                                                *ELCDTERX
   738******************************************************************ELCDTERX
   739                                                                  ELCDTERX
   740     ACCEPT WS-ACCEPT-DATE       FROM  DATE.                      ELCDTERX
   741                                                                  ELCDTERX
   742     MOVE WS-AD-YY               TO  WS-CD-YY.                    ELCDTERX
   743     MOVE WS-AD-MM               TO  WS-CD-MM.                    ELCDTERX
   744     MOVE WS-AD-DD               TO  WS-CD-DD.                    ELCDTERX
   745                                                                  ELCDTERX
   746     ACCEPT WS-TIME-OF-DAY       FROM  TIME.                      ELCDTERX
   747                                                                  ELCDTERX
   748******************************************************************ELCDTERX
   749*    NOTE: THE FOLLOWING STATEMENT IS USED TO ELIMINATE COB II    ELCDTERX
   750*          WARNING MESSAGES.                                      ELCDTERX
   751******************************************************************ELCDTERX
   752     IF WS-CD-YY = LOW-VALUES                                     ELCDTERX
   753         COMPUTE PGM-SUB = PGM-SUB + 1.                           ELCDTERX
   754                                                                  ELCDTERX
   755     OPEN INPUT DISK-DATE.                                        ELCDTERX
   756                                                                  ELCDTERX
   757     MOVE SPACE TO DATE-CARD         CLAS-BUSINESS-CLASSES        ELCDTERX
   758                   STATE-NAMES       CLAS-MORTALITY-CODES         ELCDTERX
   759                   CLAS-INS-TYPES    COMPANY-NAME-TABLE           ELCDTERX
   760                   DATE-CARD-OPTIONS DATE-CARD-FACTORS            ELCDTERX
   761                   CLAX-ID           CLAS-MISC                    ELCDTERX
   762                   CARRIER-NAMES     CLASIC-SYSTEM-CODES          ELCDTERX
   763                   CARRIER-OPT-CLAIM-DATA                         ELCDTERX
   764                   STATE-TARGET-LOSS-RATIOS                       ELCDTERX
   765                   BUSINESS-TRGT-LOSS-RATIO-MODS                  ELCDTERX
   766                   MISC-OPT-CLM-RSV-DATA.                         ELCDTERX
   767                                                                  ELCDTERX
   768     MOVE LOW-VALUES TO CLAS-INDEX-TBL CLAS-TYPE-MISC.            ELCDTERX
   769                                                                  ELCDTERX
   770     MOVE ZERO TO CLAS-CN DTE-TOT-LINES CLAS-CO                   ELCDTERX
   771                  INDEXCA INDEXBS INDEXST.                        ELCDTERX
   772                                                                  ELCDTERX
   773     COMPUTE CLAS-CN = PGM-SUB / +50.                             ELCDTERX
   774     COMPUTE CLAS-CO = PGM-SUB / +20.                             ELCDTERX
   775     COMPUTE CLAS-INDEXEN = PGM-SUB - (CLAS-CN * +50).            ELCDTERX
   776     COMPUTE CLAS-INDEXON = PGM-SUB - (CLAS-CO * +20).            ELCDTERX
   777                                                                  ELCDTERX
   778     IF CLAS-INDEXEN = ZERO                                       ELCDTERX
   779         MOVE +50               TO CLAS-INDEXEN                   ELCDTERX
* Micro Focus Server Express         V5.1 revision 000 06-Oct-15 17:19 Page  16
* ELLDRCN.cbl (/apps/prod/cid1p/copy/ELCDTERX)
   780     ELSE                                                         ELCDTERX
   781         ADD +1                 TO CLAS-CN.                       ELCDTERX
   782                                                                  ELCDTERX
   783     IF CLAS-INDEXON = ZERO                                       ELCDTERX
   784         MOVE +20               TO CLAS-INDEXON                   ELCDTERX
   785     ELSE                                                         ELCDTERX
   786         ADD +1                 TO CLAS-CO.                       ELCDTERX
   787                                                                  ELCDTERX
   788 0005-READ--CARD.                                                 ELCDTERX
   789     READ DISK-DATE                                               ELCDTERX
   790         AT END CLOSE DISK-DATE                                   ELCDTERX
   791             GO TO 0060-READ--TEST.                               ELCDTERX
   792                                                                  ELCDTERX
   793     MOVE ZERO                   TO CLAS-INDEX.                   ELCDTERX
   794                                                                  ELCDTERX
   795     IF DD-ID = 'CLAS' OR 'LIFE' OR 'GLED'                        ELCDTERX
   796         MOVE DATE-DISK          TO DATE-CARD                     ELCDTERX
   797         MOVE RUN-DATE           TO WS-RUN-DATE-N                    CL**2
   798         MOVE EP-DT              TO WS-EP-DT-N                       CL**2
   799         GO TO 0005-READ--CARD.                                   ELCDTERX
   800                                                                  ELCDTERX
   801     IF DD-ID = 'CLAD'                                            ELCDTERX
   802         MOVE DATE-DISK          TO DATE-CARD-OPTIONS             ELCDTERX
   803         GO TO 0005-READ--CARD.                                   ELCDTERX
   804                                                                  ELCDTERX
   805     IF DD-ID = 'CLAX'                                            ELCDTERX
   806         MOVE DATE-DISK          TO CLAS-INDEX-TBL                ELCDTERX
   807         GO TO 0005-READ--CARD.                                   ELCDTERX
   808                                                                  ELCDTERX
   809     IF DD-ID = 'CLAF'                                            ELCDTERX
   810         MOVE DATE-DISK          TO DATE-CARD-FACTORS             ELCDTERX
   811         GO TO 0005-READ--CARD.                                   ELCDTERX
   812                                                                  ELCDTERX
   813     IF DD-ID = 'CLAC'                                            ELCDTERX
   814         GO TO 0010-READ--CLAC.                                   ELCDTERX
   815                                                                  ELCDTERX
   816     IF DD-ID = 'CARR'                                            ELCDTERX
   817         GO TO 0015-READ--CARR.                                   ELCDTERX
   818                                                                  ELCDTERX
   819     IF DD-ID = 'STAT'                                            ELCDTERX
   820         GO TO 0020-READ--STAT.                                   ELCDTERX
   821                                                                  ELCDTERX
   822     IF DD-ID = 'BUSC'                                            ELCDTERX
   823         GO TO 0025-READ--BUSC.                                   ELCDTERX
   824                                                                  ELCDTERX
   825     IF DD-ID = 'MORT'                                            ELCDTERX
   826         GO TO 0030-READ--MORT.                                   ELCDTERX
   827                                                                  ELCDTERX
   828     IF DD-ID = 'CLAI'                                            ELCDTERX
   829         GO TO 0040-READ--CLAI.                                   ELCDTERX
   830                                                                  ELCDTERX
   831     IF DD-ID = 'COLC'                                            ELCDTERX
   832         GO TO 0065-READ--COLC.                                   ELCDTERX
   833                                                                  ELCDTERX
   834     IF DD-IDX NUMERIC AND                                        ELCDTERX
   835        DD-IDA = 'CL'                                             ELCDTERX
   836         GO TO 0035-READ--CLXX.                                   ELCDTERX
   837                                                                  ELCDTERX
* Micro Focus Server Express         V5.1 revision 000 06-Oct-15 17:19 Page  17
* ELLDRCN.cbl (/apps/prod/cid1p/copy/ELCDTERX)
   838     IF DD-IDX NUMERIC AND                                        ELCDTERX
   839        DD-IDA = 'PO'                                             ELCDTERX
   840         GO TO 0050-READ--POXX.                                   ELCDTERX
   841                                                                  ELCDTERX
   842     IF DD-ID = 'OPCA'                                            ELCDTERX
   843         GO TO 0070-READ--OPCA.                                   ELCDTERX
   844                                                                  ELCDTERX
   845     IF DD-ID = 'OPST'                                            ELCDTERX
   846         GO TO 0072-READ--OPST.                                   ELCDTERX
   847                                                                  ELCDTERX
   848     IF DD-ID = 'OPBS'                                            ELCDTERX
   849         GO TO 0074-READ--OPBS.                                   ELCDTERX
   850                                                                  ELCDTERX
   851     IF DD-ID = 'OPMS'                                            ELCDTERX
   852         MOVE DD-MISC-DATA       TO MISC-OPT-CLM-RSV-DATA.        ELCDTERX
   853                                                                  ELCDTERX
   854     GO TO 0005-READ--CARD.                                       ELCDTERX
   855                                                                  ELCDTERX
   856 0010-READ--CLAC.                                                 ELCDTERX
   857     ADD 1                       TO CLAS-INDEXC.                  ELCDTERX
   858     MOVE DD-CR1                 TO CNT-ID (CLAS-INDEXC).         ELCDTERX
   859     MOVE DD-CR1N                TO CNT-NAME (CLAS-INDEXC).       ELCDTERX
   860     ADD 1                       TO CLAS-INDEXC.                  ELCDTERX
   861     MOVE DD-CR2                 TO CNT-ID (CLAS-INDEXC).         ELCDTERX
   862     MOVE DD-CR2N                TO CNT-NAME (CLAS-INDEXC).       ELCDTERX
   863     GO TO 0005-READ--CARD.                                       ELCDTERX
   864                                                                  ELCDTERX
   865 0015-READ--CARR.                                                 ELCDTERX
   866     ADD 1  TO  CLAS-INDEXCN.                                     ELCDTERX
   867     IF CLAS-INDEXCN LESS THAN +26                                ELCDTERX
   868        MOVE DD-CARR1         TO CARRIER-SUB (CLAS-INDEXCN)
   869        MOVE DD-CARR1S        TO CARRIER-DOM-ST (CLAS-INDEXCN)
   870        MOVE DD-CARR1N        TO CARRIER-PIC (CLAS-INDEXCN)
   871        MOVE DD-CARR1-UEP-PCT TO CARRIER-UEP-PCT (CLAS-INDEXCN)
   872        MOVE DD-CARR1-R78-PCT TO CARRIER-R78-PCT (CLAS-INDEXCN)
   873        MOVE DD-CARR1-PRO-PCT TO CARRIER-PRO-PCT (CLAS-INDEXCN)
   874        MOVE DD-CARR1-SECPAY-SW
   875                               TO CARRIER-SEC-PAY (CLAS-INDEXCN)
   876     END-IF
   877                                                                  ELCDTERX
   878     ADD 1  TO  CLAS-INDEXCN.                                     ELCDTERX
   879     IF CLAS-INDEXCN LESS THAN +26                                ELCDTERX
   880        MOVE DD-CARR2         TO CARRIER-SUB (CLAS-INDEXCN)
   881        MOVE DD-CARR2S        TO CARRIER-DOM-ST (CLAS-INDEXCN)
   882        MOVE DD-CARR2N        TO CARRIER-PIC (CLAS-INDEXCN)
   883        MOVE DD-CARR2-UEP-PCT TO CARRIER-UEP-PCT (CLAS-INDEXCN)
   884        MOVE DD-CARR2-R78-PCT TO CARRIER-R78-PCT (CLAS-INDEXCN)
   885        MOVE DD-CARR2-PRO-PCT TO CARRIER-PRO-PCT (CLAS-INDEXCN)
   886        MOVE DD-CARR2-SECPAY-SW
   887                              TO CARRIER-SEC-PAY (CLAS-INDEXCN)
   888     END-IF
   889                                                                  ELCDTERX
   890                                                                  ELCDTERX
   891     GO TO 0005-READ--CARD.                                       ELCDTERX
   892                                                                  ELCDTERX
   893 0020-READ--STAT.                                                 ELCDTERX
   894     ADD 1                       TO CLAS-INDEX.                   ELCDTERX
   895     IF CLAS-INDEX GREATER 3  OR                                  ELCDTERX
* Micro Focus Server Express         V5.1 revision 000 06-Oct-15 17:19 Page  18
* ELLDRCN.cbl (/apps/prod/cid1p/copy/ELCDTERX)
   896        DD-ST (CLAS-INDEX) = SPACE                                ELCDTERX
   897         GO TO 0005-READ--CARD.                                   ELCDTERX
   898                                                                  ELCDTERX
   899     ADD 1                       TO CLAS-INDEXS.                  ELCDTERX
   900     MOVE DD-ST (CLAS-INDEX)     TO STATE-NAME-FLD (CLAS-INDEXS). ELCDTERX
   901     GO TO 0020-READ--STAT.                                       ELCDTERX
   902                                                                  ELCDTERX
   903 0025-READ--BUSC.                                                 ELCDTERX
   904     ADD 1                       TO CLAS-INDEX.                   ELCDTERX
   905     IF CLAS-INDEX GREATER 3  OR                                  ELCDTERX
   906        DD-ST (CLAS-INDEX) = SPACE                                ELCDTERX
   907         GO TO 0005-READ--CARD.                                   ELCDTERX
   908                                                                  ELCDTERX
   909     ADD 1                       TO CLAS-INDEXB.                  ELCDTERX
   910     MOVE DD-ST (CLAS-INDEX)     TO CLAS-BUSC-FLD (CLAS-INDEXB).  ELCDTERX
   911     GO TO 0025-READ--BUSC.                                       ELCDTERX
   912                                                                  ELCDTERX
   913 0030-READ--MORT.                                                 ELCDTERX
   914     ADD 1                       TO CLAS-INDEX.                   ELCDTERX
   915     IF CLAS-INDEX GREATER 2  OR                                  ELCDTERX
   916        DD-MORT (CLAS-INDEX) = SPACE                              ELCDTERX
   917         GO TO 0005-READ--CARD.                                   ELCDTERX
   918                                                                  ELCDTERX
   919     ADD 1                       TO CLAS-INDEXM.                  ELCDTERX
   920     MOVE DD-MORT (CLAS-INDEX)   TO CLAS-MORT-FLD (CLAS-INDEXM).  ELCDTERX
   921     GO TO 0030-READ--MORT.                                       ELCDTERX
   922                                                                  ELCDTERX
   923 0035-READ--CLXX.                                                 ELCDTERX
   924     IF DD-IDX NOT = CLAS-CN                                      ELCDTERX
   925          GO TO 0005-READ--CARD.                                  ELCDTERX
   926                                                                  ELCDTERX
   927     IF DD-PS-PIC (CLAS-INDEXEN) = 'X'                            ELCDTERX
   928         DISPLAY '***********************************************'ELCDTERX
   929         DISPLAY 'PROGRAM ECS-', PGM-SUB, ' NOT SCHEDULED TO RUN' ELCDTERX
   930         DISPLAY '***********************************************'ELCDTERX
   931         GO TO 0055-READ--STOP.                                   ELCDTERX
   932                                                                  ELCDTERX
   933     IF DD-PS-PIC (CLAS-INDEXEN) NOT LESS 'A'  AND                ELCDTERX
   934        DD-PS-PIC (CLAS-INDEXEN) NOT GREATER 'I'                  ELCDTERX
   935         MOVE '1'                TO DTE-FICH.                     ELCDTERX
   936                                                                  ELCDTERX
   937     IF DD-PS-PIC (CLAS-INDEXEN) NOT LESS 'J'  AND                ELCDTERX
   938        DD-PS-PIC (CLAS-INDEXEN) NOT GREATER 'R'                  ELCDTERX
   939         MOVE '2'                TO DTE-FICH.                     ELCDTERX
   940                                                                  ELCDTERX
   941*    MOVE DD-PS-PIC (CLAS-INDEXEN) TO DTE-PGM-OPT.                ELCDTERX
   942     GO TO 0005-READ--CARD.                                       ELCDTERX
   943                                                                  ELCDTERX
   944 0040-READ--CLAI.                                                 ELCDTERX
   945     ADD 1                       TO CLAS-INDEX.                   ELCDTERX
   946     IF CLAS-INDEX GREATER 2  OR                                  ELCDTERX
   947        DD-TYPE (CLAS-INDEX) = SPACE                              ELCDTERX
   948         GO TO 0005-READ--CARD.                                   ELCDTERX
   949                                                                  ELCDTERX
   950     ADD 1                       TO CLAS-INDEXA.                  ELCDTERX
   951     MOVE DD-TYPE (CLAS-INDEX) TO CLAS-ALL-TYPES (CLAS-INDEXA).   ELCDTERX
   952     GO TO 0040-READ--CLAI.                                       ELCDTERX
   953                                                                  ELCDTERX
* Micro Focus Server Express         V5.1 revision 000 06-Oct-15 17:19 Page  19
* ELLDRCN.cbl (/apps/prod/cid1p/copy/ELCDTERX)
   954 0045-READ--DUMP.                                                 ELCDTERX
   955     MOVE +999 TO WS-RETURN-CODE                                  ELCDTERX
   956     MOVE 'MISSING AND/OR INVALID CLAS DATE CARD'                 ELCDTERX
   957                                 TO  WS-ABEND-MESSAGE             ELCDTERX
   958     PERFORM ABEND-PGM.                                           ELCDTERX
   959                                                                  ELCDTERX
   960 0050-READ--POXX.                                                 ELCDTERX
   961     IF DD-IDX NOT = CLAS-CO                                      ELCDTERX
   962         GO TO 0005-READ--CARD.                                   ELCDTERX
   963                                                                  ELCDTERX
   964     IF DD-PS-PRC (CLAS-INDEXON) = 'X'                            ELCDTERX
   965         DISPLAY '***********************************************'ELCDTERX
   966         DISPLAY 'ECS - ', PGM-SUB, ' IS NOT SCHEDULED TO RUN'    ELCDTERX
   967         DISPLAY '***********************************************'ELCDTERX
   968         GO TO 0055-READ--STOP.                                   ELCDTERX
   969                                                                  ELCDTERX
   970     MOVE DD-PS-PRT (CLAS-INDEXON) TO DTE-PRT-OPT.                ELCDTERX
   971     MOVE DD-PS-FMT (CLAS-INDEXON) TO DTE-FMT-OPT.                ELCDTERX
   972     MOVE DD-PS-PRC (CLAS-INDEXON) TO DTE-PRC-OPT DTE-PGM-OPT.    ELCDTERX
   973     MOVE DD-PS-TOT (CLAS-INDEXON) TO DTE-TOT-OPT.                ELCDTERX
   974                                                                  ELCDTERX
   975     IF DTE-PRT-OPT = 'B'                                         ELCDTERX
   976         MOVE '2'                  TO DTE-FICH.                   ELCDTERX
   977     IF DTE-PRT-OPT = 'F'                                         ELCDTERX
   978         MOVE '1'                  TO DTE-FICH.                   ELCDTERX
   979                                                                  ELCDTERX
   980     GO TO 0005-READ--CARD.                                       ELCDTERX
   981                                                                  ELCDTERX
   982 0055-READ--STOP.                                                 ELCDTERX
   983     GOBACK.                                                      ELCDTERX
   984                                                                  ELCDTERX
   985 0060-READ--TEST.                                                 ELCDTERX
   986     IF DATX-COD        = SPACE  OR                               ELCDTERX
   987        CLAX-ID         = SPACE  OR                               ELCDTERX
   988        DATE-OPTIONS-ID = SPACE                                   ELCDTERX
   989         GO TO 0045-READ--DUMP.                                   ELCDTERX
   990                                                                  ELCDTERX
   991     MOVE LOW-VALUE TO CLAS-TYPE-MISC.                            ELCDTERX
   992     GO TO 0079-READ--EXIT.                                       ELCDTERX
   993                                                                  ELCDTERX
   994 0065-READ--COLC.                                                 ELCDTERX
   995     MOVE DATE-DISK              TO CLASIC-SYSTEM-CODES.          ELCDTERX
   996     GO TO 0005-READ--CARD.                                       ELCDTERX
   997                                                                  ELCDTERX
   998 0070-READ--OPCA.                                                 ELCDTERX
   999                                                                  ELCDTERX
  1000     ADD 1                       TO CLAS-INDEX.                   ELCDTERX
  1001                                                                  ELCDTERX
  1002     IF  CLAS-INDEX GREATER 13                                    ELCDTERX
  1003             OR                                                   ELCDTERX
  1004         DD-CARR-FLDS (CLAS-INDEX) = SPACE                        ELCDTERX
  1005         GO TO 0005-READ--CARD.                                   ELCDTERX
  1006                                                                  ELCDTERX
  1007     ADD 1                       TO INDEXCA.                      ELCDTERX
  1008     MOVE DD-CARR-FLDS (CLAS-INDEX)                               ELCDTERX
  1009                                 TO CARRIER-FLDS (INDEXCA).       ELCDTERX
  1010     GO TO 0070-READ--OPCA.                                       ELCDTERX
  1011                                                                  ELCDTERX
* Micro Focus Server Express         V5.1 revision 000 06-Oct-15 17:19 Page  20
* ELLDRCN.cbl (/apps/prod/cid1p/copy/ELCDTERX)
  1012 0072-READ--OPST.                                                 ELCDTERX
  1013                                                                  ELCDTERX
  1014     ADD 1                       TO CLAS-INDEX.                   ELCDTERX
  1015                                                                  ELCDTERX
  1016     IF  CLAS-INDEX GREATER 16                                    ELCDTERX
  1017             OR                                                   ELCDTERX
  1018         DD-TLR (CLAS-INDEX) = SPACE                              ELCDTERX
  1019         GO TO 0005-READ--CARD.                                   ELCDTERX
  1020                                                                  ELCDTERX
  1021     ADD 1                       TO INDEXST.                      ELCDTERX
  1022     MOVE DD-STATE-FLDS (CLAS-INDEX)                              ELCDTERX
  1023                                 TO STATE-TLR-FLD (INDEXST).      ELCDTERX
  1024     GO TO 0072-READ--OPST.                                       ELCDTERX
  1025                                                                  ELCDTERX
  1026 0074-READ--OPBS.                                                 ELCDTERX
  1027                                                                  ELCDTERX
  1028     ADD 1                       TO CLAS-INDEX.                   ELCDTERX
  1029                                                                  ELCDTERX
  1030     IF  CLAS-INDEX GREATER 32                                    ELCDTERX
  1031             OR                                                   ELCDTERX
  1032         DD-TLR (CLAS-INDEX) = SPACE                              ELCDTERX
  1033         GO TO 0005-READ--CARD.                                   ELCDTERX
  1034                                                                  ELCDTERX
  1035     ADD 1                       TO INDEXBS.                      ELCDTERX
  1036     MOVE DD-TLR (CLAS-INDEX)    TO BUS-TLRM-FLD (INDEXBS).       ELCDTERX
  1037     GO TO 0074-READ--OPBS.                                       ELCDTERX
  1038                                                                  ELCDTERX
  1039 0079-READ--EXIT.                                                 ELCDTERX
  1040*    EXIT.                                                        ELCDTERX
  1041******************************************************************ELCDTERX
  1042
  1043 0050-MAIN.
  1044
  1045     OPEN INPUT  INPUT-FILE
  1046          OUTPUT OUTPUT-FILE
  1047
  1048
  1049     PERFORM 0100-READ THRU 0100-EXIT
  1050         UNTIL EOF
  1051
  1052     CLOSE INPUT-FILE
  1053           OUTPUT-FILE
  1054
  1055     DISPLAY 'OUTPUT RECORD COUNT IS ' OUTPUT-RECORD-CNT
  1056     DISPLAY WS-ABEND-MESSAGE
  1057     DISPLAY 'File Status is ' WS-ABEND-FILE-STATUS
  1058
  1059
  1060     .
  1061
  1062 0100-READ.
  1063
  1064     READ INPUT-FILE
  1065         AT END
  1066             SET EOF TO TRUE
  1067             GO TO 0100-EXIT
  1068     END-READ
  1069
* Micro Focus Server Express         V5.1 revision 000 06-Oct-15 17:19 Page  21
* ELLDRCN.cbl
  1070     PERFORM 0200-WRITE-OUTPUT          THRU 0200-EXIT
  1071
  1072     .
  1073 0100-EXIT.
  1074     EXIT.
  1075
  1076
  1077 0200-WRITE-OUTPUT.
  1078
  1079     DISPLAY INPUT-FILE-REC
  1080     MOVE INPUT-FILE-REC TO CHECK-RECONCILIATION
  1081     DISPLAY 'output ' CHECK-RECONCILIATION
  1082     DISPLAY 'company cd is ' DTE-CLASIC-COMPANY-CD
  1083     MOVE DTE-CLASIC-COMPANY-CD         TO RC-COMPANY-CD
  1084     DISPLAY 'output w company cd ' CHECK-RECONCILIATION
  1085     WRITE CHECK-RECONCILIATION
  1086     ADD +1 TO OUTPUT-RECORD-CNT
  1087
  1088     .
  1089
  1090 0200-EXIT.
  1091     EXIT.
  1092
  1093
  1094 ABEND-PGM.
*                 COPY ELCABEND.
  1095***************************************************************** 04/14/98
  1096*                                                               * ELCABEND
  1097*                            ELCABEND.                          *    LV003
  1098*           COPYBOOK REVIEWED FOR YEAR 2000 COMPLIANCE               CL**3
  1099*                            VMOD 2.002                              CL**2
  1100*                                                               * ELCABEND
  1101*                THIS SECTION DISPLAYS THE NECESSARY MESSAGES   * ELCABEND
  1102*            AND THEN ABENDS.                                   * ELCABEND
  1103*                                                               * ELCABEND
  1104*  NO  CID  MODS  IN  COPYBOOK  ELCABEND                        * ELCABEND
  1105*                                                               * ELCABEND
  1106***************************************************************** ELCABEND
  1107*APS-010.                                                         ELCABEND
  1108     DISPLAY WS-ABEND-MESSAGE.                                    ELCABEND
  1109     DISPLAY WS-ABEND-MESSAGE UPON CONSOLE.                       ELCABEND
  1110                                                                  ELCABEND
  1111     IF WS-ABEND-FILE-STATUS NOT = ZERO                           ELCABEND
  1112         DISPLAY 'FILE STATUS = ' WS-ABEND-FILE-STATUS            ELCABEND
  1113         DISPLAY 'FILE STATUS = ' WS-ABEND-FILE-STATUS            ELCABEND
  1114                                 UPON CONSOLE.                    ELCABEND
  1115                                                                  ELCABEND
  1116     IF WS-RETURN-CODE NOT = ZERO                                 ELCABEND
  1117         DISPLAY 'RETURN CODE = '  WS-RETURN-CODE                 ELCABEND
  1118         DISPLAY 'RETURN CODE = '  WS-RETURN-CODE                 ELCABEND
  1119                                 UPON CONSOLE.                    ELCABEND
  1120                                                                  ELCABEND
  1121     DISPLAY 'PROGRAM WILL NOW ABEND **************'              ELCABEND
  1122     DISPLAY 'PROGRAM WILL NOW ABEND **************'              ELCABEND
  1123                                 UPON CONSOLE.                    ELCABEND
  1124                                                                  ELCABEND
  1125     DIVIDE WS-ZERO BY WS-ZERO GIVING WS-ZERO.                    ELCABEND
  1126     CALL 'ABORTME'.
* Micro Focus Server Express         V5.1 revision 000 06-Oct-15 17:19 Page  22
* ELLDRCN.cbl (/apps/prod/cid1p/copy/ELCABEND)
  1127                                                                  ELCABEND
  1128 APS-EXIT.                                                        ELCABEND
  1129     EXIT.                                                        ELCABEND
* Micro Focus Server Express         V5.1 revision 000 Compiler
* Copyright (C) Micro Focus IP Development Limited 1984-2012.
*                                                        REF GNR-008065005AF
* Total Messages:     0
* Data:       47072     Code:        3501
