* Micro Focus Server Express         V5.1 revision 000 06-Oct-15 17:19 Page   1
* PMRDBL.cbl
* Options: int("PMRDBL.int") anim csi verbose NOBOUND PARAMCOUNTCHECK
*          directives(cobopt.bth) endp list("PMRDBL.lst")
* Setting: NOACCEPTREFRESH NOADV ALIGN"8" ALPHASTART"1" NOALTER NOAMODE ANIM
*          NOANIMPREP ANS85 APOST NOAREACHECK ARITHMETIC"OSVS" ASSIGN
*          "EXTERNAL" NOASSIGN-PRINTER NOAUTOLOCK NOBELL NOBOUND NOBRIEF
*          NOBS2000 BWZSTAR NOBYTEMODEMOVE CALLFH"ebmlsfile" NOCALLMCS
*          NOCALLRECOVERY CALLSORT"EXTSM" CANCEL CANCELLBR NOCHANGEMESSAGE
*          CHARSET"ASCII" NOCHECKDIV NOCHECKREFMOD NOCICS CICS-CPY
*          NOCICSOPTIMIZE NOCMPR2 NOCOBFSTATCONV NOCOBIDY NOCOBOL370 COBOLDIR
*          NOCOMP COMP-5"2" COMP-6"2" NOCOMS85 CONFIRM NOCONVERTRET CONVSPACE
*          COPYEXT",cbl,cpy" NOCOPYLBR COPYLIST COPYLISTCOMMENT"1" CSI
*          CURRENCY-SIGN"36" CURRENT-DATE"MMDDYY" NODATA DATACOMPRESS"0"
*          NODATA-CONTEXT DATE DBCHECK DBCS"2" NODBCSSOSI DBSPACE DE-EDIT"2"
*          DEFAULTBYTE"32" NODEFAULTCALLS DETECTLOCK NODG DIALECT"MF"
*          NODIRECTIVES-IN-COMMENTS NODOSVS NODPCINSUBSCRIPT DYNAM
*          NOEARLY-RELEASE ECHO NOECHOALL NOEDITOR ENSUITE"0" NOENTCOBOL
*          ERRFORMAT"1" ERRLIST"EMBED" NOERRQ FASTSORT NOFCD3 NOFCDREG
*          NOFDCLEAR NOFILESHARE FILETYPE"0" NOFLAG NOFLAGAS NOFLAGCD
*          NOFLAGEUC NOFLAGMIG NOFLAGQ FLAGSINEDIT NOFLAGSTD NOFOLDCALLNAME
*          NOFOLDCOPYNAME FORM"60" NOFP-ROUNDING NOHOSTARITHMETIC
*          NOHOSTCONTZERO NOHOST-NUMCOMPARE NOHOST-NUMMOVE NOHOSTFD NOHOSTRW
*          NOIBM-MS IBMCOMP IDXFORMAT"0" NOILGEN IMPLICITSCOPE NOINDD
*          INFORETURN"0" NOINITCALL INITPTR INT"PMRDBL.int" INTDATE"ANSI"
*          INTLEVEL"2" IOCONV NOISO2002 NOIXNLSKEY NOIXNUMKEY KEEP-INT
*          KEYCHECK KEYCOMPRESS"0" LIBRARIAN"2" NOLINE-COUNT LIST"PMRDBL.lst"
*          LISTPATH"" LISTWIDTH"80" LITVAL-SIZE"4" LOCKTYPE"0" NOMAPNAME
*          NOMAXERROR METHODDEFAULT"REFERENCE" MF"15" MFCOMMENT NOMOVELENCHECK
*          NOMS NOMVS NATIVE"ASCII" NONATIVEFLOATINGPOINT NONCHAR
*          NONEWBASENAME NONLS NSYMBOL"DBCS" NOODOOSVS NOODOSLIDE
*          NOOLDBLANKLINE NOOLDCOPY NOOLDINDEX NOOLDNEXTSENTENCE NOOLDREADINTO
*          NOOLDSTRMIX OOCTRL"-C-E-G-P+Q+R-S+W" OPTIONAL-FILE NOOS390 OSEXT""
*          NOOSVS NOOUTDD NOP64 NOPANVALET PERFORM-TYPE"OSVS" NOPREPLIST
*          NOPREPROCESS NOPRINT-EXT NOPROFILE NOPROGID-COMMENT
*          NOPROGID-INT-NAME NOPROTECT-LINKAGE PROTOTYPE"RELAXED" QUAL
*          QUALPROC NOQUERY NOQUOTE NORAWLIST NORDW RECMODE"F" NOREENTRANT
*          NOREF NOREFNO REMAINDER"1" REPORT-LINE"256" RESEQ NORETRYLOCK
*          REWRITE-LS NORM RTNCODE-SIZE"4" NORWHARDPAGE NOSAA SEG NOSEQCHK
*          SEQUENTIAL"RECORD" NOSERIAL SETTING"LINE" NOSHAREOUTDD NOSHOW-DIR
*          SIGN"ASCII" NOSIGNDISCARD NOSIGNFIXUP SORTTYPE"DFSORT" SOURCEFORMAT
*          "FIXED" SOURCETABSTOP"8" NOSPZERO NOSSRANGE STDERR NOSTICKY-LINKAGE
*          NOSTICKY-PERFORM SUPFF SWITCHTYPE"1" SYMBSTART"1" SYSPUNCH"132"
*          TERMPAGE TIME NOTRACE NOTRUNC NOTRUNCCALLNAME NOTRUNCCOPY TRUNCINC
*          "10" UNICODE"NATIVE" VERBOSE VSC2"2" WARNING"1" NOWB NOWB2 NOWB3
*          WEBSERVER"CGI" NOWRITELOCK NOWRITETHRU NOXOPEN NOXREF
*          NOZEROLENGTHFALSE NOZEROSEQ NOZWB
     1   GBLA  &OPSYS                                                   00000010
* 143-S******                                                          (   0)**
**    Unknown IDENTIFICATION DIVISION paragraph
     2   TXLIFE70 'PMRDBL     POLICY MASTER RECORD DE-BLOCKER ROUTINE',X00000030
     3         SYSTEM=00,VERSION=00,LEVEL=00,TYPE=PERM,                X00000040
* 206-S*****************                                               (   1)**
**    01 or 77 level required
     4         DATE=03/15/77                                            00000050
     5   TXBEGIN PMRDBL                                                 00000060
* Micro Focus Server Express         V5.1 revision 000 06-Oct-15 17:19 Page   2
* PMRDBL.cbl
    31   SPACE 1                                                        00000310
    33   SPACE 1                                                        00000330
    34   EQU   C'0'                RETURN CODE NOT FOUND                00000340
    35   EQU   C'1'                RETURN CODE FOUND                    00000350
    36   SPACE 1                                                        00000360
    37   EQU   C'*'                                                     00000370
    38   SPACE 1                                                        00000380
* Micro Focus Server Express         V5.1 revision 000 06-Oct-15 17:19 Page   3
* PMRDBL.cbl
    41   USING PMRDSECT,R2         SET R2 TO PMR DSECT                  00000410
    42   USING INPARM,R5           SET R5 TO INPARM DSECT               00000420
    43   USING TRDSECT,R6                                               00000430
    44   LM    R2,R5,0(R1)         LOAD CALLERS PARMS                   00000440
    45   L     R10,0(,R4)          SET FINDREG FOR NEXT                 00000450
    46   LA    R14,RETURN          SET EXIT                             00000460
    47   MVC   OPI,REC             MOVE PARMS TO MY WORK AREA           00000470
    48   CLI   REC,C'Z'            IS THIS A REQUEST FOR Z TRAILER      00000480
    49   BE    PROCZTRL            YES.. GO PROCESS Z TRAILER           00000490
*  71-S*********************************                               (   1)**
**    PROCEDURE DIVISION missing or unknown statement
    50   CLI   NXT,YES             NO... IS THIS FOR A NEXT             00000500
*  71-S********************************                                (   3)**
**    PROCEDURE DIVISION missing or unknown statement
*  71-S************************************                            (   3)**
**    PROCEDURE DIVISION missing or unknown statement
    51   BNE   CONT                NO... CONTINUE                       00000510
*  71-S********************************                                (   3)**
**    PROCEDURE DIVISION missing or unknown statement
    52   LTR   R10,R10             YES.. IS FINDREG BLANK               00000520
* 301-S*****                                                           (   3)**
**    Unrecognized verb
* 301-S************************************                            (   3)**
**    Unrecognized verb
    53   BZ    ABORT               YES.. ABORT JOB                      00000530
* 301-S***************************************                         (   3)**
**    Unrecognized verb
    54   EQU   *                                                        00000540
    55   LA    R6,RECTAB           SET ADDR FOR SEARCH OF VALID REC COD 00000550
*  12-S************************************                            (   3)**
**    Operand ADDR is not declared
*  13-S**************************************************              (   3)**
**    User-name required
    56   LA    R7,RECTABNO         SET BRANCH NO.                       00000560
*  12-S**************************************                          (   3)**
**    Operand BRANCH is not declared
    57T  EQU   *                                                        00000570
*1001-E                                                                (   3)**
**    Character other than *, D, /, -, or $ found in column 7. Blank assumed.
*   9-S*****                                                           (   3)**
**    '.' missing
    58   CLC   REC,RTAB            IS THIS RECORD CODE IN TABLE         00000580
    59   BE    FNDRCODE            YES..                                00000590
    60   LA    R6,L'RECTAB(,R6)    NO... INDEX TO NEXT REC CODE IN TAB  00000600
*   9-S****                                                            (   3)**
**    '.' missing
*1004-E****************************************************************(   3)**
**    Continuation character expected. End of literal assumed.
    61   BCT   R7,TRYNEXT          CONTINUE THRU TABLE                  00000610
* 301-S*****************************************                       (   3)**
**    Unrecognized verb
    62   B     ABORT               CANT FIND IT IN TABLE                00000620
*  24-S*******************************************                     (   3)**
**    Illegal qualifier
    63DE EQU   *                                                        00000630
    64   CLC   TYP(L'TYP+L'PHS),BLANKS REQUEST FOR RECORD               00000640
    65   BE    RECORD              YES.. GO PROCESS IT                  00000650
    66   CLC   PHS,BLANKS          IS REQUEST FOR RECTYP                00000660
* Micro Focus Server Express         V5.1 revision 000 06-Oct-15 17:19 Page   4
* PMRDBL.cbl
*  83-S******************************                                  (   3)**
**    Reserved word missing - DEPENDING expected.
    67   BE    RECTYPE             YES.. GO PROCESS IT                  00000670
    68   CLC   TYP,BLANKS          REQUEST FOR RECTYPH                  00000680
*  83-S***************************************                         (   3)**
**    Reserved word missing - DEPENDING expected.
    69   BNE   RECTYPH             YES.. GO PROCESS IT                  00000690
    70   CLI   PPERMIT,YES         MUST BE FOR RECPHS OR RECPH2         00000700
*  83-S***************************************                         (   4)**
**    Reserved word missing - DEPENDING expected.
    71   BE    RECPHS              RECPHS -- GO PROCESS IT              00000710
    72   CLI   P2PERMIT,YES        PH2 PERMITTED?                       00000720
*   4-S******************************************                      (   4)**
**    Illegal character
    73   BE    RECPH2              YES.. GO PROCESS IT                  00000730
    74   B     ABORT               NO... INVALID REQUEST ABORT JOB      00000740
*  83-S******************************                                  (   4)**
**    Reserved word missing - DEPENDING expected.
* 368-S*****************************************                       (   4)**
**    Exception phrase inappropriate
* Micro Focus Server Express         V5.1 revision 000 06-Oct-15 17:19 Page   5
* PMRDBL.cbl
    77   EQU   *                   REQUEST IS FOR RECORD                00000770
    79   SPACE 1                                                        00000790
    80   CLI   NXT,YES             WAS NEXT REQUESTED                   00000800
    81   BE    RNXT                YES                                  00000810
    82   TXFINDT OPI,NEXT=RNXT                                          00000820
    83   SPACE 1                                                        00000830
    85E  EQU   *                                                        00000850
*1001-E                                                                (   4)**
**    Character other than *, D, /, -, or $ found in column 7. Blank assumed.
    87   SPACE 1                                                        00000870
    88   CLI   TPERMIT,YES         IS THIS TYPE PERMITTED FOR REC       00000880
    89   BNE   ABORT               NO... ABORT JOB                      00000890
*   9-S***************************************                         (   5)**
**    '.' missing
    90   CLI   NXT,YES             WAS NEXT RECORD REQUESTED            00000900
    91   BE    RTNXT               YES                                  00000910
    92   TXFINDT OPI,SRCHARG=RECTYP,NEXT=RTNXT                          00000920
    93   SPACE 1                                                        00000930
    95   EQU   *                                                        00000950
    97   SPACE 1                                                        00000970
    98   MVC   OPI+1(2),OPI+2      SET OPI FOR PROPER SET UP            00000980
*  12-S***********************************                             (   5)**
**    Operand OPI is not declared
*  14-S*****************************************************           (   5)**
**    Invalid operand
    99   CLI   NXT,YES             WAS NEXT REQUESTED                   00000990
   100   BE    RPNXT               YES                                  00001000
   101   TXFINDT OPI,SRCHARG=RECPHS,NEXT=RPNXT                          00001010
   102   SPACE 1                                                        00001020
   104   EQU   *                                                        00001040
   106   SPACE 1                                                        00001060
   107   MVC   OPI+1(2),OPI+2      SET OPI FOR PROPER SET UP            00001070
*  12-S***********************************                             (   5)**
**    Operand OPI is not declared
*  14-S*****************************************************           (   5)**
**    Invalid operand
   108   CLI   NXT,YES             WAS NEXT REQUESTED                   00001080
   109   BE    RP2NXT              YES                                  00001090
   110   TXFINDT OPI,SRCHARG=RECPH2,NEXT=RP2NXT                         00001100
   111   SPACE 1                                                        00001110
   113H  EQU   *                                                        00001130
*1001-E                                                                (   5)**
**    Character other than *, D, /, -, or $ found in column 7. Blank assumed.
   115   SPACE 1                                                        00001150
   116   CLI   TPERMIT,YES         IS TYPE PERMITTED FOR THIS REC       00001160
   117   BNE   ABORT               NO... ABORT JOB                      00001170
*   9-S***************************************                         (   5)**
**    '.' missing
   118   CLI   P2PERMIT,YES        IS PHASE PERMITTED FOR THIS REC      00001180
   119   BNE   ABORT               NO... ABORT JOB                      00001190
*   9-S***************************************                         (   5)**
**    '.' missing
   120   CLI   NXT,YES             WAS NEXT REQUESTED                   00001200
   121   BE    RTPNXT              YES                                  00001210
   122   TXFINDT OPI,SRCHARG=RECTYPH,NEXT=RTPNXT                        00001220
* Micro Focus Server Express         V5.1 revision 000 06-Oct-15 17:19 Page   6
* PMRDBL.cbl
   124   EQU   *                                                        00001240
   125   B     EXIT0               REQUEST NOT FOUND                    00001250
   126   MVI   RETCD,FOUND         REQUEST FOUND                        00001260
   127   SR    R6,R6               CLEAR REG                            00001270
   128   IC    R6,1(,R10)          SET IN LENGTH                        00001280
*  14-S**********************************                              (   5)**
**    Invalid operand
   129   BCTR  R6,0                DECREASE BY 1                        00001290
   130   LR    R7,R3               SET REG FOR MOVE                     00001300
*  12-S***********************************                             (   6)**
**    Operand REG is not declared
   131   EX    R6,MOVE             DO MOVE                              00001310
*  12-S****                                                            (   6)**
**    Operand EX is not declared
*  12-S******************************                                  (   6)**
**    Operand DO is not declared
   132   SPACE 1                                                        00001320
*  83-S*********                                                       (   6)**
**    Reserved word missing - TO expected.
   133   EQU   *                                                        00001330
   134   ST    R10,0(,R4)          SET FINDREG IN CALLER                00001340
*  12-S*************************************************               (   6)**
**    Operand FINDREG is not declared
   135   TXEND ,                   RETURN TO CALLER                     00001350
*  13-S*************************************                           (   6)**
**    User-name required
   136   SPACE 1                                                        00001360
   137   EQU   *                   REQUEST NOT FOUND                    00001370
   138   MVI   RETCD,NOTFND        SET NOT FOUND                        00001380
*  14-S***********************************                             (   6)**
**    Invalid operand
   139   SR    R10,R10             CLEAR FINDREG                        00001390
   140   B     EXIT                RETURN                               00001400
* Micro Focus Server Express         V5.1 revision 000 06-Oct-15 17:19 Page   7
* PMRDBL.cbl
   143RL EQU   *                   PROCESSING Z TRAILER                 00001430
*1001-E                                                                (   6)**
**    Character other than *, D, /, -, or $ found in column 7. Blank assumed.
*  12-S*                                                               (   7)**
**    Operand L is not declared
   145   SPACE 1                                                        00001450
   146   DROP  R6                                                       00001460
   147   BAL   R14,RECORD          GO GET RECORD                        00001470
*  13-S**********************************                              (   7)**
**    User-name required
   148   B     EXIT0               NOT FOUND                            00001480
   149   SPACE 1                                                        00001490
   153   SPACE 1                                                        00001530
   154   L     R6,BLKNO            SET THE NUMBER OF BYTES TO BLANK     00001540
*  12-S***********************************                             (   7)**
**    Operand THE is not declared
   155   LR    R1,R3               SET REG OF WORK AREA TO BLANK        00001550
*  12-S*******************************************                     (   7)**
**    Operand REG is not declared
   156R  EQU   *                                                        00001560
*1001-E                                                                (   7)**
**    Character other than *, D, /, -, or $ found in column 7. Blank assumed.
   157   MVC   0(1,R1),BLANKS      MOVE IN BLANK                        00001570
*  14-S***********************************                             (   7)**
**    Invalid operand
   158   LA    R1,1(,R1)           INDEX TO NEXT BYTE TO BLANK          00001580
   159   BCT   R6,BLANKER          CONTINUE TO BLANK WORK AREA TILL 0   00001590
* 301-S***************************************                         (   7)**
**    Unrecognized verb
   160   SPACE 1                                                        00001600
   161   USING ZTRLDSEC,R3         FOUND                                00001610
   162   MVI   RETCD,FOUND         SET RETURN CODE                      00001620
*  14-S**************************************                          (   7)**
**    Invalid operand
*  13-S*******************************************                     (   7)**
**    User-name required
   163   MVC   ZCONTRL,0(R10)      MOVE INFO                            00001630
*  12-S*************************************                           (   7)**
**    Operand INFO is not declared
   164   LA    R10,L'ZCONTRL(,R10)    SET TO NEW INFO                   00001640
*1004-E****************************************************************(   7)**
**    Continuation character expected. End of literal assumed.
   165   LA    R7,ZTRLN1           SET FOR MOVE TO CALLER               00001650
*  14-S***********************************                             (   7)**
**    Invalid operand
*  14-S*******************************************                     (   7)**
**    Invalid operand
   166   ZAP   CONTROL,1(1,R3)     GET CONTROL INFO                     00001660
   167   BAL   R14,MOVEZ           GO DO MOVE OF Z TRAILER              00001670
*  14-S*****************************************                       (   7)**
**    Invalid operand
   168   LA    R7,ZTRLN2                                                00001680
   169   ZAP   CONTROL,2(1,R3)                                          00001690
   170   BAL   R14,MOVEZ                                                00001700
   171   LA    R7,ZTRLN3                                                00001710
   172   ZAP   CONTROL,3(1,R3)                                          00001720
   173   BAL   R14,MOVEZ                                                00001730
   174   SR    R10,R10             CLEAR FINDREG NO MORE INFO           00001740
* Micro Focus Server Express         V5.1 revision 000 06-Oct-15 17:19 Page   8
* PMRDBL.cbl
   175   B     EXIT                COMPLETED                            00001750
* Micro Focus Server Express         V5.1 revision 000 06-Oct-15 17:19 Page   9
* PMRDBL.cbl
* 301-S*************************************                           (   7)**
**    Unrecognized verb
* Micro Focus Server Express         V5.1 revision 000 06-Oct-15 17:19 Page  10
* PMRDBL.cbl
   177   TXENTERS                                                       00001770
   178   EQU   *                                                        00001780
   179   CP    CONTROL,=P'0'       CONTROL INFO ZERO                    00001790
   180   BE    ZEND                YES.. RETURN                         00001800
   181   SR    R6,R6               NO... CLEAR REG                      00001810
*  12-S****                                                            (   8)**
**    Operand SR is not declared
* 301-S***************************************                         (  10)**
**    Unrecognized verb
   182   IC    R6,1(,R10)          GET LENGTH                           00001820
   183   BCTR  R6,0                DECREASE BY 1                        00001830
   184   EX    R6,MOVE             DO MOVE                              00001840
*  29-S******************************                                  (  10)**
**    Not a data name
   185   LA    R10,1(R6,R10)       SET TO NEXT INFO                     00001850
*  12-S****                                                            (  10)**
**    Operand LA is not declared
*  14-S**********************************                              (  10)**
**    Invalid operand
   186   SP    CONTROL,=P'1'       DECREASE CONTROL                     00001860
   187   LA    R7,L'ZTRLN1(,R7)    SET TO NEXT LINE OF CALLER           00001870
*1004-E****************************************************************(  10)**
**    Continuation character expected. End of literal assumed.
   188   B     AGAIN               GO DO IT AGAIN                       00001880
   189   EQU   *                   WE ARE DONE                          00001890
*  83-S*********                                                       (  10)**
**    Reserved word missing - DEPENDING expected.
   190   TXEXITS ,                 RETURN                               00001900
   191   SPACE 1                                                        00001910
*  13-S*******                                                         (  10)**
**    User-name required
   192   MVC   0(0,R7),0(R10)      THIS IS AN EXECUTE INSTRUCTION       00001911
   193   EJECT                                                          00001930
   194   TXVDATA                                                        00001940
   195   DC    C'DATA STARTS'                                           00001941
   196   DC    F'800'                                                   00001950
   197   DS    CL4                                                      00001960
   198   DC    CL10' '                                                  00001970
   199L  DS    PL1                                                      00001980
*1001-E                                                                (  10)**
**    Character other than *, D, /, -, or $ found in column 7. Blank assumed.
   200   DC    H'0'                                                     00001990
   201   DC    CL4'A * '                                                00002000
   202   DC    CL4'B * '                                                00002010
   203   DC    CL4'C*  '                                                00002020
   204   DC    CL4'D*  '                                                00002030
   205   DC    CL4'E* *'                                                00002040
   206   DC    CL4'F* *'                                                00002050
   207   DC    CL4'G*  '                                                00002060
   208   DC    CL4'M* *'                                                00002070
   209   DC    CL4'N   '                                                00002080
   210   DC    CL4'P   '                                                00002090
   211   DC    CL4'Q*  '                                                00002100
   212   DC    CL4'R * '                                                00002110
   213   DC    CL4'S*  '                                                00002120
   214   DC    CL4'T * '                                                00002130
   215   DC    CL4'U* *'                                                00002140
   216   DC    CL4'V * '                                                00002150
* Micro Focus Server Express         V5.1 revision 000 06-Oct-15 17:19 Page  11
* PMRDBL.cbl
   217   DC    CL4'W * '                                                00002160
   218NO EQU   (*-RECTAB)/L'RECTAB                                      00002170
*1001-E                                                                (  10)**
**    Character other than *, D, /, -, or $ found in column 7. Blank assumed.
   219CT DSECT                                                          00002180
*1001-E                                                                (  11)**
**    Character other than *, D, /, -, or $ found in column 7. Blank assumed.
*1004-E                                                                (  11)**
**    Continuation character expected. End of literal assumed.
   220   DS    CL252                                             CSOY2K 00002181
   221T  EQU   *                                                        00002200
*1001-E                                                                (  11)**
**    Character other than *, D, /, -, or $ found in column 7. Blank assumed.
   222   SPACE 1                                                        00002210
   223   DSECT                                                          00002220
   224   DS    CL1                                                      00002230
   225   DS    CL1                                                      00002240
   226   DS    CL2                                                      00002250
   227   DS    CL1                                                      00002260
   228   DS    CL1                                                      00002270
   229   SPACE 1                                                        00002280
   230T  DSECT                                                          00002290
*1001-E                                                                (  11)**
**    Character other than *, D, /, -, or $ found in column 7. Blank assumed.
   231   DS    CL1                                                      00002300
   232T  DS    CL1                                                      00002310
*1001-E                                                                (  11)**
**    Character other than *, D, /, -, or $ found in column 7. Blank assumed.
   233T  DS    CL1                                                      00002320
*1001-E                                                                (  11)**
**    Character other than *, D, /, -, or $ found in column 7. Blank assumed.
   234IT DS    CL1                                                      00002330
*1001-E                                                                (  11)**
**    Character other than *, D, /, -, or $ found in column 7. Blank assumed.
   235   SPACE 1                                                        00002340
   236EC DSECT                                                          00002350
*1001-E                                                                (  11)**
**    Character other than *, D, /, -, or $ found in column 7. Blank assumed.
   237L  DS    CL6                                                      00002360
*1001-E                                                                (  11)**
**    Character other than *, D, /, -, or $ found in column 7. Blank assumed.
   238   DS    4CL37                                                    00002370
   239   DS    9CL37                                                    00002380
   240   DS    9CL37                                                    00002390
   241   DC    C'DATA ENDS'                                             00002391
   242   END                                                            00002400
*  77-S                                                                (  11)**
**    Unexpected end of source within EXEC
*      PROCESS
* 348-S*******                                                         (  11)**
**    Procedure name PROCESS undeclared, line 65 (first usage)
*      IT
* 348-S**                                                              (  11)**
**    Procedure name IT undeclared, line 65 (first usage)
*      CLC
* 348-S***                                                             (  11)**
**    Procedure name CLC undeclared, line 66 (first usage)
*      PHS
* Micro Focus Server Express         V5.1 revision 000 06-Oct-15 17:19 Page  12
* PMRDBL.cbl
* 348-S***                                                             (  11)**
**    Procedure name PHS undeclared, line 66 (first usage)
*      BLANKS
* 348-S******                                                          (  11)**
**    Procedure name BLANKS undeclared, line 66 (first usage)
*      TYP
* 348-S***                                                             (  12)**
**    Procedure name TYP undeclared, line 68 (first usage)
*      REQUEST
* 348-S*******                                                         (  12)**
**    Procedure name REQUEST undeclared, line 68 (first usage)
*      CLI
* 348-S***                                                             (  12)**
**    Procedure name CLI undeclared, line 70 (first usage)
*      PPERMIT
* 348-S*******                                                         (  12)**
**    Procedure name PPERMIT undeclared, line 70 (first usage)
*      YES
* 348-S***                                                             (  12)**
**    Procedure name YES undeclared, line 70 (first usage)
*      MUST
* 348-S****                                                            (  12)**
**    Procedure name MUST undeclared, line 70 (first usage)
*      BE
* 348-S**                                                              (  12)**
**    Procedure name BE undeclared, line 70 (first usage)
*      P2PERMIT
* 348-S********                                                        (  12)**
**    Procedure name P2PERMIT undeclared, line 72 (first usage)
*      PH2
* 348-S***                                                             (  12)**
**    Procedure name PH2 undeclared, line 72 (first usage)
*      B
* 348-S*                                                               (  12)**
**    Procedure name B undeclared, line 74 (first usage)
*      ABORT
* 348-S*****                                                           (  12)**
**    Procedure name ABORT undeclared, line 74 (first usage)
*      DO
* 348-S**                                                              (  12)**
**    Procedure name DO undeclared, line 167 (first usage)
*      AGAIN
* 348-S*****                                                           (  12)**
**    Procedure name AGAIN undeclared, line 188 (first usage)
*      EQU
* 348-S***                                                             (  12)**
**    Procedure name EQU undeclared, line 189 (first usage)
* Micro Focus Server Express         V5.1 revision 000 Compiler
* Copyright (C) Micro Focus IP Development Limited 1984-2012.
*                                                        REF GNR-008065005AF
* Last message on page:   12
* Total Messages:    96
* Unrecoverable :     0                    Severe  :    77
* Errors        :    19                    Warnings:     0
* Informational :     0                    Flags   :     0
* Data:         441     Code:           0
