* Micro Focus Server Express         V5.1 revision 000 15-Jun-21 09:47 Page   1
* NSADDLTR.cbl
* Options: int("NSADDLTR.int") anim csi verbose NOBOUND LINKCHECK
*          PARAMCOUNTCHECK directives(cobopt.bth) endp list("NSADDLTR.lst")
* Setting: NOACCEPTREFRESH NOADV ALIGN"8" ALPHASTART"1" NOALTER NOAMODE ANIM
*          NOANIMPREP ANS85 APOST NOAREACHECK ARITHMETIC"OSVS" ASSIGN
*          "EXTERNAL" NOASSIGN-PRINTER NOAUTOLOCK NOBELL NOBOUND NOBRIEF
*          NOBS2000 BWZSTAR NOBYTEMODEMOVE CALLFH"EXTFH" NOCALLMCS
*          NOCALLRECOVERY CALLSORT"EXTSM" CANCEL CANCELLBR NOCHANGEMESSAGE
*          CHARSET"ASCII" CHECKDIV"ANSI" NOCHECKREFMOD NOCICS CICS-CPY
*          NOCICSOPTIMIZE NOCMPR2 NOCOBFSTATCONV NOCOBIDY NOCOBOL370 COBOLDIR
*          NOCOMP COMP-5"2" COMP-6"2" NOCOMS85 CONFIRM NOCONVERTRET CONVSPACE
*          COPYEXT",cbl,cpy" NOCOPYLBR COPYLIST COPYLISTCOMMENT"1" CSI
*          CURRENCY-SIGN"36" CURRENT-DATE"MMDDYY" NODATA DATACOMPRESS"0"
*          NODATA-CONTEXT DATE DBCHECK DBCS"2" NODBCSSOSI DBSPACE DE-EDIT"2"
*          DEFAULTBYTE"0" NODEFAULTCALLS DETECTLOCK NODG DIALECT"MF"
*          NODIRECTIVES-IN-COMMENTS NODOSVS NODPCINSUBSCRIPT DYNAM
*          NOEARLY-RELEASE ECHO NOECHOALL NOEDITOR ENSUITE"0" NOENTCOBOL
*          ERRFORMAT"1" ERRLIST"EMBED" NOERRQ FASTSORT NOFCD3 NOFCDREG
*          NOFDCLEAR NOFILESHARE FILETYPE"0" NOFLAG NOFLAGAS NOFLAGCD
*          NOFLAGEUC NOFLAGMIG NOFLAGQ FLAGSINEDIT NOFLAGSTD NOFOLDCALLNAME
*          NOFOLDCOPYNAME FORM"60" NOFP-ROUNDING NOHOSTARITHMETIC
*          NOHOSTCONTZERO NOHOST-NUMCOMPARE NOHOST-NUMMOVE NOHOSTFD NOHOSTRW
*          NOIBM-MS IBMCOMP IDXFORMAT"0" NOILGEN IMPLICITSCOPE NOINDD
*          INFORETURN"0" NOINITCALL INITPTR INT"NSADDLTR.int" INTDATE"ANSI"
*          INTLEVEL"2" IOCONV NOISO2002 NOIXNLSKEY NOIXNUMKEY KEEP-INT
*          KEYCHECK KEYCOMPRESS"0" LIBRARIAN"2" NOLINE-COUNT LIST
*          "NSADDLTR.lst" LISTPATH"" LISTWIDTH"80" LITVAL-SIZE"4" LOCKTYPE"0"
*          NOMAPNAME NOMAXERROR METHODDEFAULT"REFERENCE" MF"15" MFCOMMENT
*          NOMOVELENCHECK NOMS NOMVS NATIVE"ASCII" NONATIVEFLOATINGPOINT
*          NONCHAR NONEWBASENAME NONLS NSYMBOL"DBCS" NOODOOSVS NOODOSLIDE
*          NOOLDBLANKLINE NOOLDCOPY NOOLDINDEX NOOLDNEXTSENTENCE NOOLDREADINTO
*          NOOLDSTRMIX OOCTRL"-C-E-G-P+Q+R-S+W" OPTIONAL-FILE NOOS390 OSEXT""
*          NOOSVS NOOUTDD NOP64 NOPANVALET PERFORM-TYPE"OSVS" NOPREPLIST
*          NOPREPROCESS NOPRINT-EXT NOPROFILE NOPROGID-COMMENT
*          NOPROGID-INT-NAME NOPROTECT-LINKAGE PROTOTYPE"RELAXED" QUAL
*          QUALPROC NOQUERY NOQUOTE NORAWLIST NORDW RECMODE"F" NOREENTRANT
*          NOREF NOREFNO REMAINDER"1" REPORT-LINE"256" RESEQ NORETRYLOCK
*          REWRITE-LS NORM RTNCODE-SIZE"4" NORWHARDPAGE NOSAA SEG NOSEQCHK
*          SEQUENTIAL"RECORD" NOSERIAL SETTING"LINE" NOSHAREOUTDD NOSHOW-DIR
*          SIGN"ASCII" NOSIGNDISCARD NOSIGNFIXUP SORTTYPE"DFSORT" SOURCEFORMAT
*          "FIXED" SOURCETABSTOP"8" NOSPZERO NOSSRANGE STDERR STICKY-LINKAGE
*          "2" NOSTICKY-PERFORM SUPFF SWITCHTYPE"1" SYMBSTART"1" SYSPUNCH"132"
*          TERMPAGE TIME NOTRACE NOTRUNC NOTRUNCCALLNAME NOTRUNCCOPY TRUNCINC
*          "10" UNICODE"NATIVE" VERBOSE VSC2"4" WARNING"1" NOWB NOWB2 NOWB3
*          WEBSERVER"CGI" NOWRITELOCK NOWRITETHRU NOXOPEN NOXREF
*          NOZEROLENGTHFALSE NOZEROSEQ NOZWB
     1 IDENTIFICATION DIVISION.
     2 PROGRAM-ID.   NSADDLTR.
     3*AUTHOR.     PABLO
     4*            COLLEYVILLE, TEXAS.
     5*REMARKS.    EXECUTED FROM addarch.html
     6******************************************************************
     7*                   C H A N G E   L O G
     8*
     9* CHANGES ARE MARKED BY THE CHANGE EFFECTIVE DATE.
    10*-----------------------------------------------------------------
    11*  CHANGE   CHANGE REQUEST PGMR  DESCRIPTION OF CHANGE
    12* EFFECTIVE    NUMBER
    13*-----------------------------------------------------------------
* Micro Focus Server Express         V5.1 revision 000 15-Jun-21 09:47 Page   2
* NSADDLTR.cbl
    14* 121802    2009122800001  PEMA  NEW PROGRAM
    15* 061421  CR2017031500001  PEMA  Update to CCM8
    16******************************************************************
    17 ENVIRONMENT DIVISION.
    18 DATA DIVISION.
    19 working-storage section.
    20 01  DFH-START PIC X(04).
    21************************************************
    22* commarea passed to the business logic
    23************************************************
    24 01 srch-commarea.
    25*                                copy ELCLTRSPI.
    26******************************************************************
    27*                   C H A N G E   L O G
    28*
    29* CHANGES ARE MARKED BY THE CHANGE EFFECTIVE DATE.
    30*-----------------------------------------------------------------
    31*  CHANGE   CHANGE REQUEST PGMR  DESCRIPTION OF CHANGE
    32* EFFECTIVE    NUMBER
    33*-----------------------------------------------------------------
    34* 121802    2009122800001  PEMA  NEW COPYBOOK
    35******************************************************************
    36****************************************
    37*  commarea for NaperSoft On Demand Claim letters
    38*  (business logic input & output)
    39****************************************
    40     03  BL-INPUT.
    41         05  BL-CARRIER          PIC X.
    42         05  BL-CLAIM-NO         PIC X(7).
    43         05  BL-CERT-NO          PIC X(11).
    44         05  BL-LETTER-ID        PIC XXXX.
    45         05  BL-FOLLOW-UP-DT     PIC X(10).
    46         05  BL-RESEND-DT        PIC X(10).
    47         05  BL-NO-OF-COPIES     PIC 99.
    48         05  BL-PROC-ID          PIC XXXX.
    49         05  BL-COMP-ID          PIC XXX.
    50         05  BL-PRINT-NOW-SW     PIC X.
    51         05  BL-ENC-CD           PIC XXX.
    52         05  BL-ARCHIVE-NO       PIC 9(8).
    53         05  BL-REGARDING        PIC X(70).
    54     03  BL-OUTPUT.
    55         05  BL-STATUS                   PIC X.
    56             88  BL-OK                      VALUE "P".
    57             88  BL-FAIL                  VALUE "F".
    58         05  BL-MESSAGE          PIC X(50).
    59     03  BL-RECORD-PASSED-DATA   PIC X(2500).
    60 01  input-string                pic x(200).
    61 01  INPUT-FROM-FORM.
    62     05  IFF-CARRIER             PIC X.
    63     05  IFF-CLAIM-NO            PIC X(7).
    64     05  IFF-CERT-NO             PIC X(11).
    65     05  IFF-LETTER-ID           PIC XXXX.
    66     05  IFF-FOLLOW-UP-DT        PIC X(10).
    67     05  IFF-RESEND-DT           PIC X(10).
    68     05  IFF-NO-OF-COPIES        PIC 99.
    69     05  IFF-PROC-ID             PIC XXXX.
    70     05  IFF-COMP-ID             PIC XXX.
    71     05  IFF-PRINT-NOW-SW        PIC X.
* Micro Focus Server Express         V5.1 revision 000 15-Jun-21 09:47 Page   3
* NSADDLTR.cbl
    72     05  IFF-ENC-CD              PIC XXX.
    73     05  IFF-ARCHIVE-NO          PIC 9(8).
    74     05  IFF-REGARDING           PIC X(70).
    75************************************
    76* fields used to read web data
    77************************************
    78 01  w-form-name       pic x(80).
    79 01  w-form-value      pic x(160).
    80 01  w-form-name-len   pic s9(8) comp.
    81 01  w-form-value-len  pic s9(8) comp.
    82 01  w-resp            pic s9(8) comp.
    83 01  w-doctoken        pic x(16).
    84 01  WS-ELMSTR-KEY.
    85     05  WS-ELMSTR-COMPANY-CD    PIC X.
    86     05  WS-ELMSTR-CARRIER       PIC X.
    87     05  WS-ELMSTR-CLAIM-NO      PIC X(7).
    88     05  WS-ELMSTR-CERT-NO       PIC X(11).
    89*                                COPY ELCMSTR.
    90******************************************************************
    91*                                                                *
    92*                            ELCMSTR.                            *
    93*           COPYBOOK REVIEWED FOR YEAR 2000 COMPLIANCE
    94*                            VMOD=2.012                          *
    95*                                                                *
    96*   FILE DESCRIPTION = CLAIM MASTER FILE                         *
    97*                                                                *
    98*   FILE TYPE = VSAM,KSDS                                        *
    99*   RECORD SIZE = 350  RECFORM = FIXED                           *
   100*                                                                *
   101*   BASE CLUSTER = ELMSTR                         RKP=2,LEN=20   *
   102*       ALTERNATE PATH1 = ELMSTR2 (BY NAME)       RKP=22,LEN=29  *
   103*       ALTERNATE PATH2 = ELMSTR3 (BY SOC SEC NO) RKP=51,LEN=12  *
   104*       ALTERNATE PATH3 = ELMSTR5 (BY CERT NO)    RKP=63,LEN=12  *
   105*       ALTERNATE PATH4 = ELMSTR6 (BY CREDIT CARD NO)            *
   106*                                                 RKP=75,LEN=21  *
   107*                                                                *
   108*   **** NOTE ****                                               *
   109*             ANY CHANGES TO THIS COPYBOOK MUST ALSO BE          *
   110*             IMPLEMENTED IN COPYBOOK ELCRETR (RETRIEVE MASTER)  *
   111*                                                                *
   112*   LOG = YES                                                    *
   113*   SERVREQ = BROWSE, DELETE, UPDATE, NEWREC                     *
   114******************************************************************
   115*                   C H A N G E   L O G
   116*
   117* CHANGES ARE MARKED BY THE CHANGE EFFECTIVE DATE.
   118*-----------------------------------------------------------------
   119*  CHANGE   CHANGE REQUEST PGMR  DESCRIPTION OF CHANGE
   120* EFFECTIVE    NUMBER
   121*-----------------------------------------------------------------
   122* 120503    2003080800002  SMVA  INITIAL SECURE PAY CHANGES
   123* 080307    2007032100001  PEMA  ADD TOTAL INTEREST PAID FIELD
   124* 031213    2012113000002  PEMA  ADD ACCIDENT INDICATOR
   125* 051414  CR2013021100002  PEMA  RECURRENT CLAIM CHANGES
   126* 052614    2014022100001  AJRA  ADD FAMILY LEAVE CLAIM TYPE
   127* 081817    2016100700001  TANA  ADD NBR OF EXTENSIONS
   128* 100518  CR2017061500001  TANA  ADD OTHER CLAIM TYPE
   129******************************************************************
* Micro Focus Server Express         V5.1 revision 000 15-Jun-21 09:47 Page   4
* NSADDLTR.cbl
   130 01  CLAIM-MASTER.
   131     12  CL-RECORD-ID                PIC XX.
   132         88  VALID-CL-ID         VALUE 'CL'.
   133
   134     12  CL-CONTROL-PRIMARY.
   135         16  CL-COMPANY-CD           PIC X.
   136         16  CL-CARRIER              PIC X.
   137         16  CL-CLAIM-NO             PIC X(7).
   138         16  CL-CERT-NO.
   139             20  CL-CERT-PRIME       PIC X(10).
   140             20  CL-CERT-SFX         PIC X.
   141
   142     12  CL-CONTROL-BY-NAME.
   143         16  CL-COMPANY-CD-A1        PIC X.
   144         16  CL-INSURED-LAST-NAME    PIC X(15).
   145         16  CL-INSURED-NAME.
   146             20  CL-INSURED-1ST-NAME PIC X(12).
   147             20  CL-INSURED-MID-INIT PIC X.
   148
   149     12  CL-CONTROL-BY-SSN.
   150         16  CL-COMPANY-CD-A2        PIC X.
   151         16  CL-SOC-SEC-NO.
   152             20  CL-SSN-STATE        PIC XX.
   153             20  CL-SSN-ACCOUNT      PIC X(6).
   154             20  CL-SSN-LN3          PIC X(3).
   155
   156     12  CL-CONTROL-BY-CERT-NO.
   157         16  CL-COMPANY-CD-A4        PIC X.
   158         16  CL-CERT-NO-A4.
   159             20  CL-CERT-A4-PRIME    PIC X(10).
   160             20  CL-CERT-A4-SFX      PIC X.
   161
   162     12  CL-CONTROL-BY-CCN.
   163         16  CL-COMPANY-CD-A5        PIC X.
   164         16  CL-CCN-A5.
   165             20  CL-CCN.
   166                 24  CL-CCN-PREFIX-A5 PIC X(4).
   167                 24  CL-CCN-PRIME-A5 PIC X(12).
   168             20  CL-CCN-FILLER-A5    PIC X(4).
   169
   170     12  CL-INSURED-PROFILE-DATA.
   171         16  CL-INSURED-BIRTH-DT     PIC XX.
   172         16  CL-INSURED-SEX-CD       PIC X.
   173             88  INSURED-IS-MALE        VALUE 'M'.
   174             88  INSURED-IS-FEMALE      VALUE 'F'.
   175             88  INSURED-SEX-UNKNOWN    VALUE ' '.
   176         16  CL-INSURED-OCC-CD       PIC X(6).
   177         16  FILLER                  PIC X(5).
   178
   179     12  CL-PROCESSING-INFO.
   180         16  CL-PROCESSOR-ID         PIC X(4).
   181         16  CL-CLAIM-STATUS         PIC X.
   182             88  CLAIM-IS-OPEN          VALUE 'O'.
   183             88  CLAIM-IS-CLOSED        VALUE 'C'.
   184         16  CL-CLAIM-TYPE           PIC X.
   185*            88  AH-CLAIM               VALUE 'A'.
   186*            88  LIFE-CLAIM             VALUE 'L'.
   187*            88  PROPERTY-CLAIM         VALUE 'P'.
* Micro Focus Server Express         V5.1 revision 000 15-Jun-21 09:47 Page   5
* NSADDLTR.cbl
   188*            88  IUI-CLAIM              VALUE 'I'.
   189*            88  GAP-CLAIM              VALUE 'G'.
   190*            88  FAMILY-LEAVE-CLAIM     VALUE 'F'.
   191*            88  OTHER-CLAIM            VALUE 'O'.
   192         16  CL-CLAIM-PREM-TYPE      PIC X.
   193             88  SINGLE-PREMIUM         VALUE '1'.
   194             88  O-B-COVERAGE           VALUE '2'.
   195             88  OPEN-END-COVERAGE      VALUE '3'.
   196         16  CL-INCURRED-DT          PIC XX.
   197         16  CL-REPORTED-DT          PIC XX.
   198         16  CL-FILE-ESTABLISH-DT    PIC XX.
   199         16  CL-EST-END-OF-DISAB-DT  PIC XX.
   200         16  CL-LAST-PMT-DT          PIC XX.
   201         16  CL-LAST-PMT-AMT         PIC S9(7)V99  COMP-3.
   202         16  CL-PAID-THRU-DT         PIC XX.
   203         16  CL-TOTAL-PAID-AMT       PIC S9(7)V99  COMP-3.
   204         16  CL-NO-OF-PMTS-MADE      PIC S9(3)     COMP-3.
   205         16  CL-NO-OF-DAYS-PAID      PIC S9(4)     COMP.
   206         16  CL-PMT-CALC-METHOD      PIC X.
   207             88  CL-360-DAY-YR          VALUE '1'.
   208             88  CL-365-DAY-YR          VALUE '2'.
   209             88  CL-FULL-MONTHS         VALUE '3'.
   210         16  CL-CAUSE-CD             PIC X(6).
   211
   212         16  CL-PRIME-CERT-NO.
   213             20  CL-PRIME-CERT-PRIME PIC X(10).
   214             20  CL-PRIME-CERT-SFX   PIC X.
   215
   216         16  CL-SYSTEM-IDENTIFIER    PIC XX.
   217             88  CL-CREDIT-CLAIM        VALUE 'CR'.
   218             88  CL-CONVENIENCE-CLAIM   VALUE 'CV'.
   219
   220         16  CL-MICROFILM-NO         PIC X(10).
   221         16  FILLER REDEFINES CL-MICROFILM-NO.
   222             20  CL-BENEFIT-PERIOD   PIC 99.
   223             20  FILLER              PIC X(8).
   224         16  CL-PROG-FORM-TYPE       PIC X.
   225         16  CL-LAST-ADD-ON-DT       PIC XX.
   226
   227         16  CL-LAST-REOPEN-DT       PIC XX.
   228         16  CL-LAST-CLOSE-DT        PIC XX.
   229         16  CL-LAST-CLOSE-REASON    PIC X(01).
   230             88  FINAL-PAID             VALUE '1'.
   231             88  CLAIM-DENIED           VALUE '2'.
   232             88  AUTO-CLOSE             VALUE '3'.
   233             88  MANUAL-CLOSE           VALUE '4'.
   234             88  BENEFITS-CHANGED       VALUE 'C'.
   235             88  SETUP-ERRORS           VALUE 'E'.
   236         16  CL-ASSOC-CERT-SEQU      PIC S99.
   237         16  CL-ASSOC-CERT-TOTAL     PIC S99.
   238         16  CL-CLAIM-PAYMENT-STATUS PIC 9.
   239             88  PAYMENT-IN-PREP        VALUE 1 THRU 9.
   240         16  CL-TOTAL-INT-PAID       PIC S9(5)V99 COMP-3.
   241         16  FILLER                  PIC X.
   242
   243     12  CL-CERTIFICATE-DATA.
   244         16  CL-CERT-ORIGIN          PIC X.
   245             88  CERT-WAS-ONLINE        VALUE '1'.
* Micro Focus Server Express         V5.1 revision 000 15-Jun-21 09:47 Page   6
* NSADDLTR.cbl
   246             88  CERT-WAS-CREATED       VALUE '2'.
   247             88  COVERAGE-WAS-ADDED     VALUE '3'.
   248         16  CL-CERT-KEY-DATA.
   249             20  CL-CERT-CARRIER     PIC X.
   250             20  CL-CERT-GROUPING    PIC X(6).
   251             20  CL-CERT-STATE       PIC XX.
   252             20  CL-CERT-ACCOUNT.
   253                 24  CL-CERT-ACCOUNT-PREFIX PIC X(4).
   254                 24  CL-CERT-ACCOUNT-PRIME  PIC X(6).
   255             20  CL-CERT-EFF-DT      PIC XX.
   256
   257     12  CL-STATUS-CONTROLS.
   258         16  CL-PRIORITY-CD          PIC X.
   259             88  CONFIDENTIAL-DATA      VALUE '8'.
   260             88  HIGHEST-PRIORITY       VALUE '9'.
   261         16  CL-SUPV-ATTN-CD         PIC X.
   262             88  SUPV-NOT-REQUIRED      VALUE ' ' 'N'.
   263             88  SUPV-IS-REQUIRED       VALUE 'Y'.
   264         16  CL-PURGED-DT            PIC XX.
   265         16  CL-RESTORED-DT          PIC XX.
   266         16  CL-NEXT-AUTO-PAY-DT     PIC XX.
   267         16  CL-NEXT-RESEND-DT       PIC XX.
   268         16  CL-NEXT-FOLLOWUP-DT     PIC XX.
   269         16  CL-CRITICAL-PERIOD      PIC 99.
   270*        16  FILLER                  PIC XX.
   271         16  CL-LAST-MAINT-DT        PIC XX.
   272         16  CL-LAST-MAINT-USER      PIC X(4).
   273         16  CL-LAST-MAINT-HHMMSS    PIC S9(6)     COMP-3.
   274         16  CL-LAST-MAINT-TYPE      PIC X.
   275             88  CLAIM-SET-UP           VALUE ' '.
   276             88  PAYMENT-MADE           VALUE '1'.
   277             88  LETTER-SENT            VALUE '2'.
   278             88  MASTER-WAS-ALTERED     VALUE '3'.
   279             88  MASTER-WAS-RESTORED    VALUE '4'.
   280             88  INCURRED-DATE-CHANGED  VALUE '5'.
   281             88  FILE-CONVERTED         VALUE '6'.
   282             88  CHANGE-OF-BENEFITS     VALUE 'C'.
   283             88  ERROR-CORRECTION       VALUE 'E'.
   284         16  CL-RELATED-CLAIM-NO     PIC X(7).
   285         16  CL-HISTORY-ARCHIVE-DT   PIC XX.
   286         16  CL-BENEFICIARY          PIC X(10).
   287         16  CL-FILE-ESTABLISHED-BY  PIC X(4).
   288         16  CL-DENIAL-TYPE          PIC X.
   289             88  CL-TYPE-DENIAL          VALUE '1'.
   290             88  CL-TYPE-RESCISSION      VALUE '2'.
   291             88  CL-TYPE-REFORMATION     VALUE '3'.
   292             88  CL-TYPE-REF-TO-RES      VALUE '4'.
   293             88  CL-TYPE-RECONSIDERED    VALUE '5'.
   294         16  CL-NO-OF-EXTENSIONS     PIC 99.
   295         16  filler                  pic x(3).
   296*        16  CL-CRIT-PER-RECURRENT   PIC X.
   297*        16  CL-CRIT-PER-RTW-MOS     PIC 99.
   298*        16  CL-RTW-DT               PIC XX.
   299
   300     12  CL-TRAILER-CONTROLS.
   301         16  CL-TRAILER-SEQ-CNT      PIC S9(4)     COMP.
   302             88  CL-1ST-TRL-AVAIL       VALUE +4095.
   303             88  CL-LAST-TRL-AVAIL      VALUE +100.
* Micro Focus Server Express         V5.1 revision 000 15-Jun-21 09:47 Page   7
* NSADDLTR.cbl
   304             88  CL-RESV-EXP-HIST-TRLR  VALUE +0.
   305         16  CL-LAST-INC-DT-CHANGE   PIC S9(4)     COMP.
   306         16  FILLER                  PIC XX.
   307         16  CL-AUTO-PAY-SEQ         PIC S9(4)     COMP.
   308         16  CL-ADDRESS-TRAILER-CNT.
   309             20  CL-INSURED-ADDR-CNT  PIC S9(1).
   310                 88  NO-INSURED-AVAILABLE    VALUE ZERO.
   311             20  CL-ACCOUNT-ADDR-CNT  PIC S9(1).
   312                 88  ACCOUNT-IS-ONLINE       VALUE ZERO.
   313             20  CL-BENIF-ADDR-CNT    PIC S9(1).
   314                 88  BENEFICIARY-IS-ONLINE   VALUE ZERO.
   315             20  CL-EMPLOYER-ADDR-CNT PIC S9(1).
   316                 88  NO-EMPLOY-AVAILABLE     VALUE ZERO.
   317             20  CL-DOCTOR-ADDR-CNT   PIC S9(1).
   318                 88  NO-DOCTOR-AVAILABLE     VALUE ZERO.
   319             20  CL-OTHER-1-ADDR-CNT  PIC S9(1).
   320                 88  NO-OTHER-1-ADDRESSES    VALUE ZERO.
   321             20  CL-OTHER-2-ADDR-CNT  PIC S9(1).
   322                 88  NO-OTHER-2-ADDRESSES    VALUE ZERO.
   323
   324     12  CL-CV-REFERENCE-NO.
   325         16  CL-CV-REFNO-PRIME       PIC X(18).
   326         16  CL-CV-REFNO-SFX         PIC XX.
   327
   328     12  CL-FILE-LOCATION            PIC X(4).
   329
   330     12  CL-PROCESS-ERRORS.
   331         16  CL-FATAL-ERROR-CNT      PIC S9(4)     COMP.
   332             88  NO-FATAL-ERRORS        VALUE ZERO.
   333         16  CL-FORCEABLE-ERROR-CNT  PIC S9(4)     COMP.
   334             88  NO-FORCABLE-ERRORS     VALUE ZERO.
   335
   336     12  CL-PRODUCT-CD               PIC X.
   337
   338     12  CL-CURRENT-KEY-DATA.
   339         16  CL-CURRENT-CARRIER      PIC X.
   340         16  CL-CURRENT-GROUPING     PIC X(6).
   341         16  CL-CURRENT-STATE        PIC XX.
   342         16  CL-CURRENT-ACCOUNT      PIC X(10).
   343
   344     12  CL-ASSOCIATES               PIC X.
   345         88  CL-ASSOC-NO-INTERFACE      VALUE 'A'.
   346         88  CL-ASSOC-INTERFACE         VALUE 'I'.
   347         88  CL-NON-ASSOC-NO-INTERFACE  VALUE 'N'.
   348         88  CL-NON-ASSOC-INTERFACE     VALUE 'M'.
   349
   350     12  CL-ACTIVITY-CODE            PIC 99.
   351     12  CL-ACTIVITY-MAINT-DT        PIC XX.
   352     12  CL-ACTIVITY-MAINT-TYPE      PIC X(4).
   353
   354     12  CL-LAPSE-REPORT-CODE        PIC 9.
   355     12  CL-LAG-REPORT-CODE          PIC 9.
   356     12  CL-LOAN-TYPE                PIC XX.
   357     12  CL-LEGAL-STATE              PIC XX.
   358
   359     12  CL-YESNOSW                  PIC X.
   360     12  CL-ACCIDENT-CLAIM-SW        PIC X.
   361         88  CL-ACCIDENT-NOT-SET           VALUE ' '.
* Micro Focus Server Express         V5.1 revision 000 15-Jun-21 09:47 Page   8
* NSADDLTR.cbl
   362         88  CL-CLAIM-DUE-TO-ACCIDENT      VALUE 'Y'.
   363         88  CL-CLAIM-NOT-DUE-TO-ACCIDENT  VALUE 'N'.
   364     12  cl-insured-type             pic x.
   365         88  cl-claim-on-primary         value 'P'.
   366         88  cl-claim-on-co-borrower     value 'C'.
   367     12  cl-benefit-expiration-dt    PIC XX.
   368 01 output-msg.
   369    05 filler              pic x(4) value "MSG=".
   370    05 out-msg-text        pic x(50).
   371 01  MISC.
   372     12  WS-RESPONSE             PIC S9(8)   COMP.
   373         88  RESP-NORMAL                  VALUE +00.
   374         88  RESP-NOTFND                  VALUE +13.
   375         88  RESP-DUPREC                  VALUE +14.
   376         88  RESP-DUPKEY                  VALUE +15.
   377         88  RESP-NOTOPEN                 VALUE +19.
   378         88  RESP-ENDFILE                 VALUE +20.
   379*****************************************
   380* symbol list for the SRCHROW template
   381*****************************************
   382****************************************************************
   383*
   384* Copyright (c) 2007-2013 Dell Inc.
   385* All rights reserved.
   386*
   387****************************************************************
   388 01  DFHEIV.
   389   02  DFHEIV0               PIC X(35).
   390   02  DFHEIV1               PIC X(08).
   391   02  DFHEIV2               PIC X(08).
   392   02  DFHEIV3               PIC X(08).
   393   02  DFHEIV4               PIC X(06).
   394   02  DFHEIV5               PIC X(04).
   395   02  DFHEIV6               PIC X(04).
   396   02  DFHEIV7               PIC X(02).
   397   02  DFHEIV8               PIC X(02).
   398   02  DFHEIV9               PIC X(01).
   399   02  DFHEIV10              PIC S9(7) COMP-3.
   400   02  DFHEIV11              PIC S9(4) COMP SYNC.
   401   02  DFHEIV12              PIC S9(4) COMP SYNC.
   402   02  DFHEIV13              PIC S9(4) COMP SYNC.
   403   02  DFHEIV14              PIC S9(4) COMP SYNC.
   404   02  DFHEIV15              PIC S9(4) COMP SYNC.
   405   02  DFHEIV16              PIC S9(9) COMP SYNC.
   406   02  DFHEIV17              PIC X(04).
   407   02  DFHEIV18              PIC X(04).
   408   02  DFHEIV19              PIC X(04).
   409   02  DFHEIV20              USAGE IS POINTER.
   410   02  DFHEIV21              USAGE IS POINTER.
   411   02  DFHEIV22              USAGE IS POINTER.
   412   02  DFHEIV23              USAGE IS POINTER.
   413   02  DFHEIV24              USAGE IS POINTER.
   414   02  DFHEIV25              PIC S9(9) COMP SYNC.
   415   02  DFHEIV26              PIC S9(9) COMP SYNC.
   416   02  DFHEIV27              PIC S9(9) COMP SYNC.
   417   02  DFHEIV28              PIC S9(9) COMP SYNC.
   418   02  DFHEIV29              PIC S9(9) COMP SYNC.
   419   02  DFHEIV30              PIC S9(9) COMP SYNC.
* Micro Focus Server Express         V5.1 revision 000 15-Jun-21 09:47 Page   9
* NSADDLTR.cbl
   420   02  DFHEIV31              PIC S9(9) COMP SYNC.
   421   02  DFHEIV32              PIC S9(4) COMP SYNC.
   422   02  DFHEIV33              PIC S9(4) COMP SYNC.
   423   02  DFHEIV34              PIC S9(4) COMP SYNC.
   424   02  DFHEIV35              PIC S9(4) COMP SYNC.
   425   02  DFHEIV97              PIC S9(7) COMP-3 VALUE ZERO.
   426   02  DFHEIV98              PIC S9(4) COMP SYNC VALUE ZERO.
   427   02  FILLER                PIC X(02).
   428   02  DFHEIV99              PIC X(08) VALUE SPACE.
   429   02  DFHEIVL0              PIC X(48) VALUE SPACE.
   430   02  DFHEIVL1              PIC X(48) VALUE SPACE.
   431   02  DFHEIVL2              PIC X(48) VALUE SPACE.
   432   02  DFHEIVL3              PIC X(48) VALUE SPACE.
   433   02  DFHEIVL4              PIC X(255) VALUE SPACE.
   434   02  DFHEIVL5              PIC X(255) VALUE SPACE.
   435 LINKAGE  SECTION.
   436*****************************************************************
   437*                                                               *
   438* Copyright (c) 2007-2013 Dell Inc.                             *
   439* All rights reserved.                                          *
   440*                                                               *
   441*****************************************************************
   442 01  dfheiblk.
   443     02  eibtime          pic s9(7) comp-3.
   444     02  eibdate          pic s9(7) comp-3.
   445     02  eibtrnid         pic x(4).
   446     02  eibtaskn         pic s9(7) comp-3.
   447     02  eibtrmid         pic x(4).
   448     02  dfheigdi         pic s9(4) comp.
   449     02  eibcposn         pic s9(4) comp.
   450     02  eibcalen         pic s9(4) comp.
   451     02  eibaid           pic x(1).
   452     02  eibfiller1       pic x(1).
   453     02  eibfn            pic x(2).
   454     02  eibfiller2       pic x(2).
   455     02  eibrcode         pic x(6).
   456     02  eibfiller3       pic x(2).
   457     02  eibds            pic x(8).
   458     02  eibreqid         pic x(8).
   459     02  eibrsrce         pic x(8).
   460     02  eibsync          pic x(1).
   461     02  eibfree          pic x(1).
   462     02  eibrecv          pic x(1).
   463     02  eibsend          pic x(1).
   464     02  eibatt           pic x(1).
   465     02  eibeoc           pic x(1).
   466     02  eibfmh           pic x(1).
   467     02  eibcompl         pic x(1).
   468     02  eibsig           pic x(1).
   469     02  eibconf          pic x(1).
   470     02  eiberr           pic x(1).
   471     02  eibrldbk         pic x(1).
   472     02  eiberrcd         pic x(4).
   473     02  eibsynrb         pic x(1).
   474     02  eibnodat         pic x(1).
   475     02  eibfiller5       pic x(2).
   476     02  eibresp          pic s9(8) comp.
   477     02  eibresp2         pic s9(8) comp.
* Micro Focus Server Express         V5.1 revision 000 15-Jun-21 09:47 Page  10
* NSADDLTR.cbl
   478     02  dfheigdj         pic s9(4) comp.
   479     02  dfheigdk         pic s9(4) comp.
   480 01  DFHCOMMAREA       PIC X(01).
   481 PROCEDURE DIVISION USING DFHEIBLK DFHCOMMAREA.
   482 0000-DFHEXIT SECTION.
   483     MOVE '9#                    $   ' TO DFHEIV0.
   484     MOVE 'NSADDLTR' TO DFHEIV1.
   485     CALL 'kxdfhei1' USING DFHEIV0 DFH-START DFHEIV DFHEIV1.
   486*********************
   487* Receive web input
   488*********************
   489
   490* exec cics web
   491*       startbr formfield resp(w-resp)
   492*     end-exec.
   493*    MOVE 'X(f                   &  N#00000485' TO DFHEIV0
   494     MOVE X'582866202020202020202020' TO DFHEIV0(1:12)
   495     MOVE X'202020202020202020202620' TO DFHEIV0(13:12)
   496     MOVE X'204E233030303030343835' TO DFHEIV0(25:11)
   497     CALL 'kxdfhei1' USING DFHEIV0,
   498           DFHEIV99,
   499           DFHEIV99,
   500           DFHEIV99,
   501           DFHEIV99,
   502           DFHEIV99
   503     MOVE EIBRESP  TO w-resp
   504     GO TO 9999-DFHEXIT DEPENDING ON DFHEIGDK.
   505
   506      perform read-form thru read-form-exit
   507         until w-resp not = 0 .
   508*   dfhresp(normal)
   509
   510* exec cics web
   511*       endbr formfield
   512*     end-exec.
   513*    MOVE 'X,f                   #   #00000490' TO DFHEIV0
   514     MOVE X'582C66202020202020202020' TO DFHEIV0(1:12)
   515     MOVE X'202020202020202020202320' TO DFHEIV0(13:12)
   516     MOVE X'2020233030303030343930' TO DFHEIV0(25:11)
   517     CALL 'kxdfhei1' USING DFHEIV0,
   518           DFHEIV99,
   519           DFHEIV99
   520     GO TO 9999-DFHEXIT DEPENDING ON DFHEIGDK.
   521
   522     unstring
   523        input-string(6:192) delimited by '~~'
   524        into
   525          IFF-CARRIER
   526          IFF-CLAIM-NO
   527          IFF-CERT-NO
   528          IFF-LETTER-ID
   529          IFF-FOLLOW-UP-DT
   530          IFF-RESEND-DT
   531          IFF-NO-OF-COPIES
   532          IFF-PROC-ID
   533          IFF-COMP-ID
   534          IFF-PRINT-NOW-SW
   535          IFF-ENC-CD
* Micro Focus Server Express         V5.1 revision 000 15-Jun-21 09:47 Page  11
* NSADDLTR.cbl
   536          IFF-ARCHIVE-NO
   537          IFF-REGARDING
   538     end-unstring
   539     INSPECT iff-regarding REPLACING ALL '~' BY ' '
   540     MOVE INPUT-FROM-FORM        TO BL-INPUT
   541*    DISPLAY ' I F F ' INPUT-FROM-FORM
   542*****************************************
   543* Invoke the SEARCH business logic
   544*****************************************
   545
   546* exec cics link
   547*       program('NSALTRBL')
   548*       commarea(srch-commarea)
   549*    end-exec.
   550     MOVE LENGTH OF
   551      srch-commarea
   552       TO DFHEIV11
   553     MOVE 'NSALTRBL' TO DFHEIV1
   554*    MOVE '."C                   (   #00000516' TO DFHEIV0
   555     MOVE X'2E2243202020202020202020' TO DFHEIV0(1:12)
   556     MOVE X'202020202020202020202820' TO DFHEIV0(13:12)
   557     MOVE X'2020233030303030353136' TO DFHEIV0(25:11)
   558     CALL 'kxdfhei1' USING DFHEIV0,
   559           DFHEIV1,
   560           srch-commarea,
   561           DFHEIV11,
   562           DFHEIV99,
   563           DFHEIV99,
   564           DFHEIV99,
   565           DFHEIV99
   566     GO TO 9999-DFHEXIT DEPENDING ON DFHEIGDK.
   567
   568
   569* exec cics
   570*       return
   571*    end-exec.
   572*    MOVE '.(                    ''   #00000520' TO DFHEIV0
   573     MOVE X'2E2820202020202020202020' TO DFHEIV0(1:12)
   574     MOVE X'202020202020202020202720' TO DFHEIV0(13:12)
   575     MOVE X'2020233030303030353230' TO DFHEIV0(25:11)
   576     CALL 'kxdfhei1' USING DFHEIV0,
   577           DFHEIV99,
   578           DFHEIV99,
   579           DFHEIV99,
   580           DFHEIV99,
   581           DFHEIV99,
   582           DFHEIV99
   583     GO TO 9999-DFHEXIT DEPENDING ON DFHEIGDK.
   584
   585******************************************************
   586* Read all fields of the incoming form, moving
   587* each to the corresponding field of the commarea
   588* (business logic input fields).  For a search,
   589* both form fields, last_name and first_initial,
   590* may be null.  In that case, set the business
   591* logic input fields to spaces.
   592******************************************************
   593 read-form.
* Micro Focus Server Express         V5.1 revision 000 15-Jun-21 09:47 Page  12
* NSADDLTR.cbl
   594     move spaces to w-form-name.
   595     move length of w-form-name to w-form-name-len.
   596           move spaces to w-form-value.
   597     move length of w-form-value to w-form-value-len.
   598
   599* exec cics web readnext
   600*                  formfield(w-form-name)
   601*                  namelength(w-form-name-len)
   602*                  value(w-form-value)
   603*                  valuelength(w-form-value-len)
   604*                  resp(w-resp)
   605*    end-exec.
   606*    MOVE 'X*FLVL                &  N#00000536' TO DFHEIV0
   607     MOVE X'582A464C564C202020202020' TO DFHEIV0(1:12)
   608     MOVE X'202020202020202020202620' TO DFHEIV0(13:12)
   609     MOVE X'204E233030303030353336' TO DFHEIV0(25:11)
   610     CALL 'kxdfhei1' USING DFHEIV0,
   611           w-form-name,
   612           w-form-name-len,
   613           w-form-value,
   614           w-form-value-len,
   615           DFHEIV99
   616     MOVE EIBRESP  TO w-resp
   617     GO TO 9999-DFHEXIT DEPENDING ON DFHEIGDK.
   618
   619     evaluate w-resp
   620        when 0
   621*   dfhresp(normal)
   622           evaluate w-form-name(1:w-form-name-len)
   623              when 'clmkey'
   624                 if w-form-value-len not = 0
   625                    move w-form-value(1:w-form-value-len)
   626                           to INPUT-string
   627*                          to INPUT-FROM-FORM
   628                 else
   629                    move spaces to input-string
   630                 end-if
   631           end-evaluate
   632        when other
   633           continue
   634     end-evaluate.
   635*    display ' input string ' input-string
   636     .
   637 read-form-exit.
   638
   639 9999-DFHBACK SECTION.
   640     MOVE '9%                    "   ' TO DFHEIV0
   641     MOVE 'NSADDLTR' TO DFHEIV1
   642     CALL 'kxdfhei1' USING DFHEIV0 DFHEIV1
   643     GOBACK.
   644 9999-DFHEXIT.
   645     IF DFHEIGDJ EQUAL 0001
   646         NEXT SENTENCE.
   647     MOVE '9%                    "   ' TO DFHEIV0
   648     MOVE 'NSADDLTR' TO DFHEIV1
   649     CALL 'kxdfhei1' USING DFHEIV0 DFHEIV1
   650     GOBACK.
* Micro Focus Server Express         V5.1 revision 000 Compiler
* Micro Focus Server Express         V5.1 revision 000 15-Jun-21 09:47 Page  13
* NSADDLTR.cbl
* Copyright (C) Micro Focus IP Development Limited 1984-2012.
*                                                        REF GNR-008065005AF
* Total Messages:     0
* Data:        5232     Code:        1446
